Component: ARM Compiler 5.06 update 6 (build 750) Tool: armlink [4d35ed]

==============================================================================

Section Cross References

    system_stm32f4xx.o(i.SystemCoreClockUpdate) refers to system_stm32f4xx.o(.data) for SystemCoreClock
    system_stm32f4xx.o(i.SystemInit) refers to system_stm32f4xx.o(i.SetSysClock) for SetSysClock
    startup_stm32f429_439xx.o(RESET) refers to startup_stm32f429_439xx.o(STACK) for __initial_sp
    startup_stm32f429_439xx.o(RESET) refers to startup_stm32f429_439xx.o(.text) for Reset_Handler
    startup_stm32f429_439xx.o(RESET) refers to stm32f4xx_it.o(i.NMI_Handler) for NMI_Handler
    startup_stm32f429_439xx.o(RESET) refers to stm32f4xx_it.o(i.HardFault_Handler) for HardFault_Handler
    startup_stm32f429_439xx.o(RESET) refers to stm32f4xx_it.o(i.MemManage_Handler) for MemManage_Handler
    startup_stm32f429_439xx.o(RESET) refers to stm32f4xx_it.o(i.BusFault_Handler) for BusFault_Handler
    startup_stm32f429_439xx.o(RESET) refers to stm32f4xx_it.o(i.UsageFault_Handler) for UsageFault_Handler
    startup_stm32f429_439xx.o(RESET) refers to stm32f4xx_it.o(i.SVC_Handler) for SVC_Handler
    startup_stm32f429_439xx.o(RESET) refers to stm32f4xx_it.o(i.DebugMon_Handler) for DebugMon_Handler
    startup_stm32f429_439xx.o(RESET) refers to stm32f4xx_it.o(i.PendSV_Handler) for PendSV_Handler
    startup_stm32f429_439xx.o(RESET) refers to stm32f4xx_it.o(i.SysTick_Handler) for SysTick_Handler
    startup_stm32f429_439xx.o(RESET) refers to i2cadax.o(i.WWDG_IRQHandler) for WWDG_IRQHandler
    startup_stm32f429_439xx.o(RESET) refers to stm32f4xx_it.o(i.TIM3_IRQHandler) for TIM3_IRQHandler
    startup_stm32f429_439xx.o(RESET) refers to stm32f4xx_it.o(i.USART3_IRQHandler) for USART3_IRQHandler
    startup_stm32f429_439xx.o(RESET) refers to stm32f4xx_it.o(i.EXTI15_10_IRQHandler) for EXTI15_10_IRQHandler
    startup_stm32f429_439xx.o(RESET) refers to stm32f4xx_it.o(i.TIM5_IRQHandler) for TIM5_IRQHandler
    startup_stm32f429_439xx.o(RESET) refers to stm32f4xx_it.o(i.TIM6_DAC_IRQHandler) for TIM6_DAC_IRQHandler
    startup_stm32f429_439xx.o(.text) refers to system_stm32f4xx.o(i.SystemInit) for SystemInit
    startup_stm32f429_439xx.o(.text) refers to entry.o(.ARM.Collect$$$$00000000) for __main
    main.o(i.main) refers to global.o(i.GlobalInitialization) for GlobalInitialization
    main.o(i.main) refers to gpio_conf.o(i.PWM_GPIO_Config) for PWM_GPIO_Config
    main.o(i.main) refers to tim_conf.o(i.TIM_Config) for TIM_Config
    main.o(i.main) refers to tim_conf.o(i.TIM_PWMINPUT_Config) for TIM_PWMINPUT_Config
    main.o(i.main) refers to nvic_conf.o(i.TIM_NVIC_Config) for TIM_NVIC_Config
    main.o(i.main) refers to nvic_conf.o(i.TIMx_NVIC_Configuration) for TIMx_NVIC_Configuration
    main.o(i.main) refers to tim_conf.o(i.TIM_BASIC_Config) for TIM_BASIC_Config
    main.o(i.main) refers to nvic_conf.o(i.TIM_BASIC_NVIC_Configuration) for TIM_BASIC_NVIC_Configuration
    main.o(i.main) refers to nvic_conf.o(i.DGPS_NVIC_Configuration) for DGPS_NVIC_Configuration
    main.o(i.main) refers to nvic_conf.o(i.DEBUG_NVIC_Configuration) for DEBUG_NVIC_Configuration
    main.o(i.main) refers to bsp_debug_usart.o(i.Debug_USART_Config) for Debug_USART_Config
    main.o(i.main) refers to dgps_usart_conf.o(i.DGPS_USART_Config) for DGPS_USART_Config
    main.o(i.main) refers to i2cadax.o(i.ADXL345_IIC_Config) for ADXL345_IIC_Config
    main.o(i.main) refers to i2cadax.o(i.Init_ADXL345) for Init_ADXL345
    main.o(i.main) refers to i2cadax.o(i.read_ADXL345) for read_ADXL345
    main.o(i.main) refers to gt9xx.o(i.GTP_Init_Panel) for GTP_Init_Panel
    main.o(i.main) refers to bsp_lcd.o(i.LCD_Init) for LCD_Init
    main.o(i.main) refers to bsp_lcd.o(i.LCD_LayerInit) for LCD_LayerInit
    main.o(i.main) refers to stm32f4xx_ltdc.o(i.LTDC_Cmd) for LTDC_Cmd
    main.o(i.main) refers to bsp_lcd.o(i.LCD_SetLayer) for LCD_SetLayer
    main.o(i.main) refers to bsp_lcd.o(i.LCD_Clear) for LCD_Clear
    main.o(i.main) refers to bsp_lcd.o(i.LCD_SetTransparency) for LCD_SetTransparency
    main.o(i.main) refers to palette_main_debug.o(i.MAIN_DEBUG_Palette_Init) for MAIN_DEBUG_Palette_Init
    main.o(i.main) refers to gps.o(i.GPS_Init) for GPS_Init
    stm32f4xx_it.o(i.EXTI15_10_IRQHandler) refers to stm32f4xx_exti.o(i.EXTI_GetITStatus) for EXTI_GetITStatus
    stm32f4xx_it.o(i.EXTI15_10_IRQHandler) refers to gt9xx.o(i.GTP_TouchProcess) for GTP_TouchProcess
    stm32f4xx_it.o(i.EXTI15_10_IRQHandler) refers to stm32f4xx_exti.o(i.EXTI_ClearITPendingBit) for EXTI_ClearITPendingBit
    stm32f4xx_it.o(i.TIM3_IRQHandler) refers to stm32f4xx_tim.o(i.TIM_GetITStatus) for TIM_GetITStatus
    stm32f4xx_it.o(i.TIM3_IRQHandler) refers to stm32f4xx_tim.o(i.TIM_ClearITPendingBit) for TIM_ClearITPendingBit
    stm32f4xx_it.o(i.TIM3_IRQHandler) refers to global.o(.data) for speed1
[...]
    i.myitoa                                 0x080076c6   Section        0  string.o(i.myitoa)
    i.myitohex_twob                          0x0800771e   Section        0  string.o(i.myitohex_twob)
    i.read_ADXL345                           0x08007788   Section        0  i2cadax.o(i.read_ADXL345)
    i.wait01s                                0x08007814   Section        0  gps.o(i.wait01s)
    wait01s                                  0x08007815   Thumb Code    28  gps.o(i.wait01s)
    .constdata                               0x08007834   Section      268  gt9xx.o(.constdata)
    __func__                                 0x08007834   Data          13  gt9xx.o(.constdata)
    __func__                                 0x08007841   Data          13  gt9xx.o(.constdata)
    __func__                                 0x0800784e   Data          14  gt9xx.o(.constdata)
    __func__                                 0x0800785c   Data          23  gt9xx.o(.constdata)
    __func__                                 0x08007873   Data          16  gt9xx.o(.constdata)
    __func__                                 0x08007883   Data          15  gt9xx.o(.constdata)
    __func__                                 0x08007892   Data          15  gt9xx.o(.constdata)
    __func__                                 0x080078a1   Data          20  gt9xx.o(.constdata)
    __func__                                 0x080078c0   Data          17  gt9xx.o(.constdata)
    __func__                                 0x080078d1   Data          17  gt9xx.o(.constdata)
    __func__                                 0x080078e2   Data          17  gt9xx.o(.constdata)
    __func__                                 0x080078f3   Data          15  gt9xx.o(.constdata)
    __func__                                 0x08007902   Data          17  gt9xx.o(.constdata)
    __func__                                 0x0800791c   Data          13  gt9xx.o(.constdata)
    __func__                                 0x0800792f   Data          17  gt9xx.o(.constdata)
    .constdata                               0x08007940   Section    10704  fonts.o(.constdata)
    .constdata                               0x0800a310   Section       64  ctype_c.o(.constdata)
    .conststring                             0x0800a350   Section      161  gt9xx.o(.conststring)
    .data                                    0x20000000   Section       58  global.o(.data)
    .data                                    0x2000003a   Section      695  gt9xx.o(.data)
    pre_x                                    0x200002d6   Data          10  gt9xx.o(.data)
    pre_y                                    0x200002e0   Data          10  gt9xx.o(.data)
    pre_touch                                0x200002ea   Data           2  gt9xx.o(.data)
    pre_id                                   0x200002ec   Data           5  gt9xx.o(.data)
    .data                                    0x200002f4   Section       16  bsp_lcd.o(.data)
    LCD_Currentfonts                         0x200002f4   Data           4  bsp_lcd.o(.data)
    CurrentTextColor                         0x200002f8   Data           2  bsp_lcd.o(.data)
    CurrentBackColor                         0x200002fa   Data           2  bsp_lcd.o(.data)
    CurrentFrameBuffer                       0x200002fc   Data           4  bsp_lcd.o(.data)
    CurrentLayer                             0x20000300   Data           4  bsp_lcd.o(.data)
    .data                                    0x20000304   Section       33  fonts.o(.data)
    everRead                                 0x20000324   Data           1  fonts.o(.data)
    .data                                    0x20000328   Section        4  bsp_spi_flash.o(.data)
    SPITimeout                               0x20000328   Data           4  bsp_spi_flash.o(.data)
    .data                                    0x2000032c   Section       12  palette.o(.data)
    .data                                    0x20000338   Section       28  i2cadax.o(.data)
    .data                                    0x20000354   Section       16  stm32f4xx_rcc.o(.data)
    APBAHBPrescTable                         0x20000354   Data          16  stm32f4xx_rcc.o(.data)
    .data                                    0x20000364   Section        4  stdout.o(.data)
    .bss                                     0x20000368   Section     1064  global.o(.bss)
    .bss                                     0x20000790   Section      800  palette.o(.bss)
    STACK                                    0x20000ab0   Section     1024  startup_stm32f429_439xx.o(STACK)

    Global Symbols

    Symbol Name                              Value     Ov Type        Size  Object(Section)

    BuildAttributes$$THM_ISAv4$E$P$D$K$B$S$7EM$VFPi3$EXTD16$VFPS$VFMA$PE$A:L22UL41UL21$X:L11$S22US41US21$IEEE1$IW$USESV6$~STKCKD$USESV7$~SHL$OSPACE$ROPI$EBA8$MICROLIB$REQ8$PRES8$EABIv2 0x00000000   Number         0  anon$$obj.o ABSOLUTE
    __ARM_use_no_argv                        0x00000000   Number         0  main.o ABSOLUTE
    _printf_a                                0x00000000   Number         0  stubs.o ABSOLUTE
    _printf_c                                0x00000000   Number         0  stubs.o ABSOLUTE
    _printf_charcount                        0x00000000   Number         0  stubs.o ABSOLUTE
    _printf_d                                0x00000000   Number         0  stubs.o ABSOLUTE
    _printf_e                                0x00000000   Number         0  stubs.o ABSOLUTE
    _printf_f                                0x00000000   Number         0  stubs.o ABSOLUTE
    _printf_flags                            0x00000000   Number         0  stubs.o ABSOLUTE
    _printf_fp_dec                           0x00000000   Number         0  stubs.o ABSOLUTE
    _printf_fp_hex                           0x00000000   Number         0  stubs.o ABSOLUTE
    _printf_g                                0x00000000   Number         0  stubs.o ABSOLUTE
    _printf_i                                0x00000000   Number         0  stubs.o ABSOLUTE
    _printf_int_dec                          0x00000000   Number         0  stubs.o ABSOLUTE
    _printf_l                                0x00000000   Number         0  stubs.o ABSOLUTE
    _printf_lc                               0x00000000   Number         0  stubs.o ABSOLUTE
    _printf_ll                               0x00000000   Number         0  stubs.o ABSOLUTE
    _printf_lld                              0x00000000   Number         0  stubs.o ABSOLUTE
    _printf_lli                              0x00000000   Number         0  stubs.o ABSOLUTE
    _printf_llo                              0x00000000   Number         0  stubs.o ABSOLUTE
    _printf_llu                              0x00000000   Number         0  stubs.o ABSOLUTE
    _printf_llx                              0x00000000   Number         0  stubs.o ABSOLUTE
    _printf_longlong_dec                     0x00000000   Number         0  stubs.o ABSOLUTE
    _printf_longlong_hex                     0x00000000   Number         0  stubs.o ABSOLUTE
    _printf_longlong_oct                     0x00000000   Number         0  stubs.o ABSOLUTE
    _printf_ls                               0x00000000   Number         0  stubs.o ABSOLUTE
    _printf_mbtowc                           0x00000000   Number         0  stubs.o ABSOLUTE
    _printf_n                                0x00000000   Number         0  stubs.o ABSOLUTE
    _printf_o                                0x00000000   Number         0  stubs.o ABSOLUTE
    _printf_p                                0x00000000   Number         0  stubs.o ABSOLUTE
    _printf_percent                          0x00000000   Number         0  stubs.o ABSOLUTE
    _printf_pre_padding                      0x00000000   Number         0  stubs.o ABSOLUTE
    _printf_return_value                     0x00000000   Number         0  stubs.o ABSOLUTE
    _printf_s                                0x00000000   Number         0  stubs.o ABSOLUTE
    _printf_sizespec                         0x00000000   Number         0  stubs.o ABSOLUTE
    _printf_str                              0x00000000   Number         0  stubs.o ABSOLUTE
    _printf_truncate_signed                  0x00000000   Number         0  stubs.o ABSOLUTE
    _printf_truncate_unsigned                0x00000000   Number         0  stubs.o ABSOLUTE
    _printf_u                                0x00000000   Number         0  stubs.o ABSOLUTE
    _printf_wc                               0x00000000   Number         0  stubs.o ABSOLUTE
    _printf_wctomb                           0x00000000   Number         0  stubs.o ABSOLUTE
    _printf_widthprec                        0x00000000   Number         0  stubs.o ABSOLUTE
    _printf_x                                0x00000000   Number         0  stubs.o ABSOLUTE
    __cpp_initialize__aeabi_                  - Undefined Weak Reference
    __cxa_finalize                            - Undefined Weak Reference
    _clock_init                               - Undefined Weak Reference
    _microlib_exit                            - Undefined Weak Reference
    __Vectors_Size                           0x000001ac   Number         0  startup_stm32f429_439xx.o ABSOLUTE
    __Vectors                                0x08000000   Data           4  startup_stm32f429_439xx.o(RESET)
    __Vectors_End                            0x080001ac   Data           0  startup_stm32f429_439xx.o(RESET)
    __main                                   0x080001ad   Thumb Code     0  entry.o(.ARM.Collect$$$$00000000)
    _main_stk                                0x080001ad   Thumb Code     0  entry2.o(.ARM.Collect$$$$00000001)
    _main_scatterload                        0x080001b1   Thumb Code     0  entry5.o(.ARM.Collect$$$$00000004)
    __main_after_scatterload                 0x080001b5   Thumb Code     0  entry5.o(.ARM.Collect$$$$00000004)
    _main_clock                              0x080001b5   Thumb Code     0  entry7b.o(.ARM.Collect$$$$00000008)
    _main_cpp_init                           0x080001b5   Thumb Code     0  entry8b.o(.ARM.Collect$$$$0000000A)
    _main_init                               0x080001b5   Thumb Code     0  entry9a.o(.ARM.Collect$$$$0000000B)
    __rt_final_cpp                           0x080001bd   Thumb Code     0  entry10a.o(.ARM.Collect$$$$0000000D)
    __rt_final_exit                          0x080001bd   Thumb Code     0  entry11a.o(.ARM.Collect$$$$0000000F)
    Reset_Handler                            0x080001c1   Thumb Code     8  startup_stm32f429_439xx.o(.text)
    ADC_IRQHandler                           0x080001db   Thumb Code     0  startup_stm32f429_439xx.o(.text)
    CAN1_RX0_IRQHandler                      0x080001db   Thumb Code     0  startup_stm32f429_439xx.o(.text)
    CAN1_RX1_IRQHandler                      0x080001db   Thumb Code     0  startup_stm32f429_439xx.o(.text)
    CAN1_SCE_IRQHandler                      0x080001db   Thumb Code     0  startup_stm32f429_439xx.o(.text)
    CAN1_TX_IRQHandler                       0x080001db   Thumb Code     0  startup_stm32f429_439xx.o(.text)
    CAN2_RX0_IRQHandler                      0x080001db   Thumb Code     0  startup_stm32f429_439xx.o(.text)
    CAN2_RX1_IRQHandler                      0x080001db   Thumb Code     0  startup_stm32f429_439xx.o(.text)
    CAN2_SCE_IRQHandler                      0x080001db   Thumb Code     0  startup_stm32f429_439xx.o(.text)
    CAN2_TX_IRQHandler                       0x080001db   Thumb Code     0  startup_stm32f429_439xx.o(.text)
    CRYP_IRQHandler                          0x080001db   Thumb Code     0  startup_stm32f429_439xx.o(.text)
    DCMI_IRQHandler                          0x080001db   Thumb Code     0  startup_stm32f429_439xx.o(.text)
    DMA1_Stream0_IRQHandler                  0x080001db   Thumb Code     0  startup_stm32f429_439xx.o(.text)
    DMA1_Stream1_IRQHandler                  0x080001db   Thumb Code     0  startup_stm32f429_439xx.o(.text)
    DMA1_Stream2_IRQHandler                  0x080001db   Thumb Code     0  startup_stm32f429_439xx.o(.text)
    DMA1_Stream3_IRQHandler                  0x080001db   Thumb Code     0  startup_stm32f429_439xx.o(.text)
    DMA1_Stream4_IRQHandler                  0x080001db   Thumb Code     0  startup_stm32f429_439xx.o(.text)
    DMA1_Stream5_IRQHandler                  0x080001db   Thumb Code     0  startup_stm32f429_439xx.o(.text)
    DMA1_Stream6_IRQHandler                  0x080001db   Thumb Code     0  startup_stm32f429_439xx.o(.text)
    DMA1_Stream7_IRQHandler                  0x080001db   Thumb Code     0  startup_stm32f429_439xx.o(.text)
    DMA2D_IRQHandler                         0x080001db   Thumb Code     0  startup_stm32f429_439xx.o(.text)
    DMA2_Stream0_IRQHandler                  0x080001db   Thumb Code     0  startup_stm32f429_439xx.o(.text)
    DMA2_Stream1_IRQHandler                  0x080001db   Thumb Code     0  startup_stm32f429_439xx.o(.text)
    DMA2_Stream2_IRQHandler                  0x080001db   Thumb Code     0  startup_stm32f429_439xx.o(.text)
    DMA2_Stream3_IRQHandler                  0x080001db   Thumb Code     0  startup_stm32f429_439xx.o(.text)
    DMA2_Stream4_IRQHandler                  0x080001db   Thumb Code     0  startup_stm32f429_439xx.o(.text)
    DMA2_Stream5_IRQHandler                  0x080001db   Thumb Code     0  startup_stm32f429_439xx.o(.text)
    DMA2_Stream6_IRQHandler                  0x080001db   Thumb Code     0  startup_stm32f429_439xx.o(.text)
    DMA2_Stream7_IRQHandler                  0x080001db   Thumb Code     0  startup_stm32f429_439xx.o(.text)
    ETH_IRQHandler                           0x080001db   Thumb Code     0  startup_stm32f429_439xx.o(.text)
    ETH_WKUP_IRQHandler                      0x080001db   Thumb Code     0  startup_stm32f429_439xx.o(.text)
    EXTI0_IRQHandler                         0x080001db   Thumb Code     0  startup_stm32f429_439xx.o(.text)
    EXTI1_IRQHandler                         0x080001db   Thumb Code     0  startup_stm32f429_439xx.o(.text)
    EXTI2_IRQHandler                         0x080001db   Thumb Code     0  startup_stm32f429_439xx.o(.text)
    EXTI3_IRQHandler                         0x080001db   Thumb Code     0  startup_stm32f429_439xx.o(.text)
    EXTI4_IRQHandler                         0x080001db   Thumb Code     0  startup_stm32f429_439xx.o(.text)
    EXTI9_5_IRQHandler                       0x080001db   Thumb Code     0  startup_stm32f429_439xx.o(.text)
    FLASH_IRQHandler                         0x080001db   Thumb Code     0  startup_stm32f429_439xx.o(.text)
    FMC_IRQHandler                           0x080001db   Thumb Code     0  startup_stm32f429_439xx.o(.text)
    FPU_IRQHandler                           0x080001db   Thumb Code     0  startup_stm32f429_439xx.o(.text)
    HASH_RNG_IRQHandler                      0x080001db   Thumb Code     0  startup_stm32f429_439xx.o(.text)
    I2C1_ER_IRQHandler                       0x080001db   Thumb Code     0  startup_stm32f429_439xx.o(.text)
    I2C1_EV_IRQHandler                       0x080001db   Thumb Code     0  startup_stm32f429_439xx.o(.text)
    I2C2_ER_IRQHandler                       0x080001db   Thumb Code     0  startup_stm32f429_439xx.o(.text)
    I2C2_EV_IRQHandler                       0x080001db   Thumb Code     0  startup_stm32f429_439xx.o(.text)
    I2C3_ER_IRQHandler                       0x080001db   Thumb Code     0  startup_stm32f429_439xx.o(.text)
    I2C3_EV_IRQHandler                       0x080001db   Thumb Code     0  startup_stm32f429_439xx.o(.text)
    LTDC_ER_IRQHandler                       0x080001db   Thumb Code     0  startup_stm32f429_439xx.o(.text)
    LTDC_IRQHandler                          0x080001db   Thumb Code     0  startup_stm32f429_439xx.o(.text)
    OTG_FS_IRQHandler                        0x080001db   Thumb Code     0  startup_stm32f429_439xx.o(.text)
    OTG_FS_WKUP_IRQHandler                   0x080001db   Thumb Code     0  startup_stm32f429_439xx.o(.text)
    OTG_HS_EP1_IN_IRQHandler                 0x080001db   Thumb Code     0  startup_stm32f429_439xx.o(.text)
    OTG_HS_EP1_OUT_IRQHandler                0x080001db   Thumb Code     0  startup_stm32f429_439xx.o(.text)
    OTG_HS_IRQHandler                        0x080001db   Thumb Code     0  startup_stm32f429_439xx.o(.text)
    OTG_HS_WKUP_IRQHandler                   0x080001db   Thumb Code     0  startup_stm32f429_439xx.o(.text)
    PVD_IRQHandler                           0x080001db   Thumb Code     0  startup_stm32f429_439xx.o(.text)
    RCC_IRQHandler                           0x080001db   Thumb Code     0  startup_stm32f429_439xx.o(.text)
    RTC_Alarm_IRQHandler                     0x080001db   Thumb Code     0  startup_stm32f429_439xx.o(.text)
    RTC_WKUP_IRQHandler                      0x080001db   Thumb Code     0  startup_stm32f429_439xx.o(.text)
    SAI1_IRQHandler                          0x080001db   Thumb Code     0  startup_stm32f429_439xx.o(.text)
    SDIO_IRQHandler                          0x080001db   Thumb Code     0  startup_stm32f429_439xx.o(.text)
    SPI1_IRQHandler                          0x080001db   Thumb Code     0  startup_stm32f429_439xx.o(.text)
    SPI2_IRQHandler                          0x080001db   Thumb Code     0  startup_stm32f429_439xx.o(.text)
    SPI3_IRQHandler                          0x080001db   Thumb Code     0  startup_stm32f429_439xx.o(.text)
    SPI4_IRQHandler                          0x080001db   Thumb Code     0  startup_stm32f429_439xx.o(.text)
    SPI5_IRQHandler                          0x080001db   Thumb Code     0  startup_stm32f429_439xx.o(.text)
    SPI6_IRQHandler                          0x080001db   Thumb Code     0  startup_stm32f429_439xx.o(.text)
    TAMP_STAMP_IRQHandler                    0x080001db   Thumb Code     0  startup_stm32f429_439xx.o(.text)
    TIM1_BRK_TIM9_IRQHandler                 0x080001db   Thumb Code     0  startup_stm32f429_439xx.o(.text)
    TIM1_CC_IRQHandler                       0x080001db   Thumb Code     0  startup_stm32f429_439xx.o(.text)
    TIM1_TRG_COM_TIM11_IRQHandler            0x080001db   Thumb Code     0  startup_stm32f429_439xx.o(.text)
    TIM1_UP_TIM10_IRQHandler                 0x080001db   Thumb Code     0  startup_stm32f429_439xx.o(.text)
    TIM2_IRQHandler                          0x080001db   Thumb Code     0  startup_stm32f429_439xx.o(.text)
    TIM4_IRQHandler                          0x080001db   Thumb Code     0  startup_stm32f429_439xx.o(.text)
    TIM7_IRQHandler                          0x080001db   Thumb Code     0  startup_stm32f429_439xx.o(.text)
    TIM8_BRK_TIM12_IRQHandler                0x080001db   Thumb Code     0  startup_stm32f429_439xx.o(.text)
    TIM8_CC_IRQHandler                       0x080001db   Thumb Code     0  startup_stm32f429_439xx.o(.text)
    TIM8_TRG_COM_TIM14_IRQHandler            0x080001db   Thumb Code     0  startup_stm32f429_439xx.o(.text)
    TIM8_UP_TIM13_IRQHandler                 0x080001db   Thumb Code     0  startup_stm32f429_439xx.o(.text)
    UART4_IRQHandler                         0x080001db   Thumb Code     0  startup_stm32f429_439xx.o(.text)
    UART5_IRQHandler                         0x080001db   Thumb Code     0  startup_stm32f429_439xx.o(.text)
    UART7_IRQHandler                         0x080001db   Thumb Code     0  startup_stm32f429_439xx.o(.text)
    UART8_IRQHandler                         0x080001db   Thumb Code     0  startup_stm32f429_439xx.o(.text)
    USART1_IRQHandler                        0x080001db   Thumb Code     0  startup_stm32f429_439xx.o(.text)
    USART2_IRQHandler                        0x080001db   Thumb Code     0  startup_stm32f429_439xx.o(.text)
    USART6_IRQHandler                        0x080001db   Thumb Code     0  startup_stm32f429_439xx.o(.text)
    isdigit                                  0x080001e5   Thumb Code     8  isdigit_c.o(.text)
    __aeabi_memcpy                           0x080001ed   Thumb Code    36  memcpya.o(.text)
    __aeabi_memcpy4                          0x080001ed   Thumb Code     0  memcpya.o(.text)
    __aeabi_memcpy8                          0x080001ed   Thumb Code     0  memcpya.o(.text)
    __aeabi_memset                           0x08000211   Thumb Code    14  memseta.o(.text)
    __aeabi_memset4                          0x08000211   Thumb Code     0  memseta.o(.text)
    __aeabi_memset8                          0x08000211   Thumb Code     0  memseta.o(.text)
    __aeabi_memclr                           0x0800021f   Thumb Code     4  memseta.o(.text)
    __aeabi_memclr4                          0x0800021f   Thumb Code     0  memseta.o(.text)
    __aeabi_memclr8                          0x0800021f   Thumb Code     0  memseta.o(.text)
    _memset$wrapper                          0x08000223   Thumb Code    18  memseta.o(.text)
    __aeabi_dmul                             0x08000235   Thumb Code   228  dmul.o(.text)
    __aeabi_i2d                              0x08000319   Thumb Code    34  dflti.o(.text)
    __aeabi_ui2d                             0x0800033b   Thumb Code    26  dfltui.o(.text)
    __aeabi_ul2d                             0x08000355   Thumb Code    24  dfltul.o(.text)
    __aeabi_d2iz                             0x0800036d   Thumb Code    62  dfixi.o(.text)
    __aeabi_d2uiz                            0x080003ab   Thumb Code    50  dfixui.o(.text)
    __aeabi_d2ulz                            0x080003dd   Thumb Code    48  dfixul.o(.text)
    __aeabi_uidiv                            0x0800040d   Thumb Code     0  uidiv.o(.text)
    __aeabi_uidivmod                         0x0800040d   Thumb Code    44  uidiv.o(.text)
    __aeabi_uldivmod                         0x08000439   Thumb Code    98  uldiv.o(.text)
    __aeabi_llsl                             0x0800049b   Thumb Code    30  llshl.o(.text)
    _ll_shift_l                              0x0800049b   Thumb Code     0  llshl.o(.text)
    __aeabi_llsr                             0x080004b9   Thumb Code    32  llushr.o(.text)
    _ll_ushift_r                             0x080004b9   Thumb Code     0  llushr.o(.text)
    __ctype_lookup                           0x080004d9   Thumb Code    34  ctype_c.o(.text)
    __I$use$fp                               0x08000501   Thumb Code     0  iusefp.o(.text)
    _double_round                            0x08000501   Thumb Code    30  depilogue.o(.text)
    _double_epilogue                         0x0800051f   Thumb Code   156  depilogue.o(.text)
    __aeabi_dadd                             0x080005bb   Thumb Code   322  dadd.o(.text)
    __aeabi_dsub                             0x080006fd   Thumb Code     6  dadd.o(.text)
    __aeabi_drsub                            0x08000703   Thumb Code     6  dadd.o(.text)
    __aeabi_ddiv                             0x08000709   Thumb Code   222  ddiv.o(.text)
    __aeabi_cdrcmple                         0x080007e9   Thumb Code    48  cdrcmple.o(.text)
    __scatterload                            0x08000819   Thumb Code    28  init.o(.text)
    __scatterload_rt2                        0x08000819   Thumb Code     0  init.o(.text)
    __aeabi_lasr                             0x0800083d   Thumb Code    36  llsshr.o(.text)
    _ll_sshift_r                             0x0800083d   Thumb Code     0  llsshr.o(.text)
    __decompress                             0x08000861   Thumb Code     0  __dczerorl2.o(.text)
    __decompress1                            0x08000861   Thumb Code    86  __dczerorl2.o(.text)
    ADXL345_IIC_Config                       0x080008b9   Thumb Code   148  i2cadax.o(i.ADXL345_IIC_Config)
    BusFault_Handler                         0x08000999   Thumb Code     4  stm32f4xx_it.o(i.BusFault_Handler)
    DEBUG_NVIC_Configuration                 0x08000c2b   Thumb Code    40  nvic_conf.o(i.DEBUG_NVIC_Configuration)
    DGPS_NVIC_Configuration                  0x08000c53   Thumb Code    40  nvic_conf.o(i.DGPS_NVIC_Configuration)
    DGPS_USART_Config                        0x08000c7d   Thumb Code   154  dgps_usart_conf.o(i.DGPS_USART_Config)
    DMA2D_DeInit                             0x08000d21   Thumb Code    22  stm32f4xx_dma2d.o(i.DMA2D_DeInit)
    DMA2D_GetFlagStatus                      0x08000d39   Thumb Code    20  stm32f4xx_dma2d.o(i.DMA2D_GetFlagStatus)
    DMA2D_Init                               0x08000d51   Thumb Code   218  stm32f4xx_dma2d.o(i.DMA2D_Init)
    DMA2D_StartTransfer                      0x08000e35   Thumb Code    14  stm32f4xx_dma2d.o(i.DMA2D_StartTransfer)
    DebugMon_Handler                         0x08000e49   Thumb Code     2  stm32f4xx_it.o(i.DebugMon_Handler)
    Debug_USART_Config                       0x08000e4d   Thumb Code   142  bsp_debug_usart.o(i.Debug_USART_Config)
    EXTI15_10_IRQHandler                     0x08001871   Thumb Code    26  stm32f4xx_it.o(i.EXTI15_10_IRQHandler)
    EXTI_ClearITPendingBit                   0x0800188d   Thumb Code     6  stm32f4xx_exti.o(i.EXTI_ClearITPendingBit)
    EXTI_GetITStatus                         0x08001899   Thumb Code    20  stm32f4xx_exti.o(i.EXTI_GetITStatus)
    EXTI_Init                                0x080018b1   Thumb Code   142  stm32f4xx_exti.o(i.EXTI_Init)
    Every1000s                               0x08001971   Thumb Code    32  global.o(i.Every1000s)
    Every100s                                0x08001995   Thumb Code    32  global.o(i.Every100s)
    Every10s                                 0x080019b9   Thumb Code    48  global.o(i.Every10s)
    Every1s                                  0x080019f1   Thumb Code    24  global.o(i.Every1s)
    FMC_GetFlagStatus                        0x08001a0d   Thumb Code    68  stm32f4xx_fmc.o(i.FMC_GetFlagStatus)
    FMC_SDRAMCmdConfig                       0x08001a55   Thumb Code    28  stm32f4xx_fmc.o(i.FMC_SDRAMCmdConfig)
    FMC_SDRAMInit                            0x08001a75   Thumb Code   318  stm32f4xx_fmc.o(i.FMC_SDRAMInit)
    FMC_SetRefreshCount                      0x08001bb9   Thumb Code    18  stm32f4xx_fmc.o(i.FMC_SetRefreshCount)
    GPIO_Init                                0x08001bd1   Thumb Code   144  stm32f4xx_gpio.o(i.GPIO_Init)
    GPIO_PinAFConfig                         0x08001c61   Thumb Code    70  stm32f4xx_gpio.o(i.GPIO_PinAFConfig)
    GPIO_ReadInputDataBit                    0x08001ca7   Thumb Code    18  stm32f4xx_gpio.o(i.GPIO_ReadInputDataBit)
    GPIO_ResetBits                           0x08001cb9   Thumb Code     4  stm32f4xx_gpio.o(i.GPIO_ResetBits)
    GPIO_SetBits                             0x08001cbd   Thumb Code     4  stm32f4xx_gpio.o(i.GPIO_SetBits)
    GPS_COLD_START                           0x08001cc1   Thumb Code    28  gps.o(i.GPS_COLD_START)
    GPS_DEBUG_Palette_Init                   0x08001f31   Thumb Code    94  palette_gps_debug.o(i.GPS_DEBUG_Palette_Init)
    GPS_DEBUG_Touch_Button_Init              0x08001fa9   Thumb Code   416  palette_gps_debug.o(i.GPS_DEBUG_Touch_Button_Init)
    GPS_Init                                 0x08002585   Thumb Code    26  gps.o(i.GPS_Init)
    GPS_RECEIVE_Display_Info                 0x080025a5   Thumb Code   472  palette_gps_receive.o(i.GPS_RECEIVE_Display_Info)
    GPS_RECEIVE_Palette_Init                 0x080027d9   Thumb Code   100  palette_gps_receive.o(i.GPS_RECEIVE_Palette_Init)
    GPS_RECEIVE_Touch_Button_Init            0x0800285d   Thumb Code   416  palette_gps_receive.o(i.GPS_RECEIVE_Touch_Button_Init)
    GPS_SET_NMEA_OUTPUT                      0x08002a31   Thumb Code     2  gps.o(i.GPS_SET_NMEA_OUTPUT)
    GPS_USART_Receive_Bytes                  0x08002a35   Thumb Code    80  gps.o(i.GPS_USART_Receive_Bytes)
    GPS_update                               0x08002a95   Thumb Code   210  gps.o(i.GPS_update)
    GTP_Init_Panel                           0x08002dbd   Thumb Code   218  gt9xx.o(i.GTP_Init_Panel)
    GTP_Read_Version                         0x08002f09   Thumb Code   278  gt9xx.o(i.GTP_Read_Version)
    GTP_TouchProcess                         0x080030b5   Thumb Code    12  gt9xx.o(i.GTP_TouchProcess)
    GetGBKCode_from_EXFlash                  0x080031ad   Thumb Code    78  fonts.o(i.GetGBKCode_from_EXFlash)
    GlobalInitialization                     0x08003201   Thumb Code    20  global.o(i.GlobalInitialization)
    HardFault_Handler                        0x08003415   Thumb Code     4  stm32f4xx_it.o(i.HardFault_Handler)
    I2C_AcknowledgeConfig                    0x08003419   Thumb Code    24  stm32f4xx_i2c.o(i.I2C_AcknowledgeConfig)
    I2C_CheckEvent                           0x08003431   Thumb Code    42  stm32f4xx_i2c.o(i.I2C_CheckEvent)
    I2C_Cmd                                  0x0800345b   Thumb Code    24  stm32f4xx_i2c.o(i.I2C_Cmd)
    I2C_DEBUG_Palette_Init                   0x08003545   Thumb Code    94  palette_i2c_debug.o(i.I2C_DEBUG_Palette_Init)
    I2C_DEBUG_Touch_Button_Init              0x080035bd   Thumb Code    66  palette_i2c_debug.o(i.I2C_DEBUG_Touch_Button_Init)
    I2C_GTP_EXTI_Config                      0x080036ad   Thumb Code    42  bsp_i2c_touch.o(i.I2C_GTP_EXTI_Config)
    I2C_GTP_GPIO_Config                      0x080036d9   Thumb Code    36  bsp_i2c_touch.o(i.I2C_GTP_GPIO_Config)
    I2C_GTP_IRQEnable                        0x08003701   Thumb Code    20  bsp_i2c_touch.o(i.I2C_GTP_IRQEnable)
    I2C_GTP_NVIC_Config                      0x08003715   Thumb Code    40  bsp_i2c_touch.o(i.I2C_GTP_NVIC_Config)
    I2C_GenerateSTART                        0x0800373d   Thumb Code    24  stm32f4xx_i2c.o(i.I2C_GenerateSTART)
    I2C_GenerateSTOP                         0x08003755   Thumb Code    24  stm32f4xx_i2c.o(i.I2C_GenerateSTOP)
    I2C_Init                                 0x0800376d   Thumb Code   218  stm32f4xx_i2c.o(i.I2C_Init)
    I2C_ReadBytes                            0x08003855   Thumb Code    78  bsp_i2c_touch.o(i.I2C_ReadBytes)
    I2C_ReceiveData                          0x080038a3   Thumb Code     8  stm32f4xx_i2c.o(i.I2C_ReceiveData)
    I2C_ResetChip                            0x080038ad   Thumb Code   106  bsp_i2c_touch.o(i.I2C_ResetChip)
    I2C_Send7bitAddress                      0x08003921   Thumb Code    16  stm32f4xx_i2c.o(i.I2C_Send7bitAddress)
    I2C_SendData                             0x08003931   Thumb Code     4  stm32f4xx_i2c.o(i.I2C_SendData)
    I2C_Touch_Init                           0x08003935   Thumb Code    16  bsp_i2c_touch.o(i.I2C_Touch_Init)
    I2C_WriteBytes                           0x080039c3   Thumb Code   102  bsp_i2c_touch.o(i.I2C_WriteBytes)
    Init_ADXL345                             0x08003a29   Thumb Code    34  i2cadax.o(i.Init_ADXL345)
    LCD_Clear                                0x08003a4d   Thumb Code   108  bsp_lcd.o(i.LCD_Clear)
    LCD_DispChar_CH                          0x08003ac1   Thumb Code   158  bsp_lcd.o(i.LCD_DispChar_CH)
    LCD_DispString_EN_CH                     0x08003b6d   Thumb Code   156  bsp_lcd.o(i.LCD_DispString_EN_CH)
    LCD_DisplayChar                          0x08003c0d   Thumb Code    42  bsp_lcd.o(i.LCD_DisplayChar)
    LCD_DrawChar                             0x08003c3d   Thumb Code   202  bsp_lcd.o(i.LCD_DrawChar)
    LCD_DrawFullRect                         0x08003d19   Thumb Code   154  bsp_lcd.o(i.LCD_DrawFullRect)
    LCD_DrawLine                             0x08003dbd   Thumb Code   162  bsp_lcd.o(i.LCD_DrawLine)
    LCD_DrawRect                             0x08003e69   Thumb Code    68  bsp_lcd.o(i.LCD_DrawRect)
    LCD_Init                                 0x080041b5   Thumb Code   126  bsp_lcd.o(i.LCD_Init)
    LCD_LayerInit                            0x08004235   Thumb Code   156  bsp_lcd.o(i.LCD_LayerInit)
    LCD_SetColors                            0x080042dd   Thumb Code    10  bsp_lcd.o(i.LCD_SetColors)
    LCD_SetFont                              0x080042f1   Thumb Code     6  bsp_lcd.o(i.LCD_SetFont)
    LCD_SetLayer                             0x080042fd   Thumb Code    32  bsp_lcd.o(i.LCD_SetLayer)
    LCD_SetTextColor                         0x08004329   Thumb Code     6  bsp_lcd.o(i.LCD_SetTextColor)
    LCD_SetTransparency                      0x08004335   Thumb Code    38  bsp_lcd.o(i.LCD_SetTransparency)
    LTDC_Cmd                                 0x08004365   Thumb Code    30  stm32f4xx_ltdc.o(i.LTDC_Cmd)
    LTDC_DitherCmd                           0x08004389   Thumb Code    30  stm32f4xx_ltdc.o(i.LTDC_DitherCmd)
    LTDC_Init                                0x080043ad   Thumb Code   378  stm32f4xx_ltdc.o(i.LTDC_Init)
    LTDC_LayerAlpha                          0x08004535   Thumb Code     4  stm32f4xx_ltdc.o(i.LTDC_LayerAlpha)
    LTDC_LayerCmd                            0x08004539   Thumb Code    22  stm32f4xx_ltdc.o(i.LTDC_LayerCmd)
    LTDC_LayerInit                           0x0800454f   Thumb Code   276  stm32f4xx_ltdc.o(i.LTDC_LayerInit)
    LTDC_ReloadConfig                        0x08004665   Thumb Code     6  stm32f4xx_ltdc.o(i.LTDC_ReloadConfig)
    MAIN_DEBUG_Palette_Init                  0x08004691   Thumb Code    94  palette_main_debug.o(i.MAIN_DEBUG_Palette_Init)
    MAIN_DEBUG_Touch_Button_Init             0x0800470d   Thumb Code   106  palette_main_debug.o(i.MAIN_DEBUG_Touch_Button_Init)
    MemManage_Handler                        0x08004785   Thumb Code     4  stm32f4xx_it.o(i.MemManage_Handler)
    NMI_Handler                              0x08004789   Thumb Code     2  stm32f4xx_it.o(i.NMI_Handler)
    NVIC_Init                                0x0800478d   Thumb Code   106  misc.o(i.NVIC_Init)
    NVIC_PriorityGroupConfig                 0x08004805   Thumb Code    10  misc.o(i.NVIC_PriorityGroupConfig)
    PWM_DEBUG_Palette_Init                   0x08004a39   Thumb Code    94  palette_pwm_debug.o(i.PWM_DEBUG_Palette_Init)
    PWM_DEBUG_Touch_Button_Init              0x08004ab5   Thumb Code   416  palette_pwm_debug.o(i.PWM_DEBUG_Touch_Button_Init)
    PWM_GPIO_Config                          0x08004c61   Thumb Code   246  gpio_conf.o(i.PWM_GPIO_Config)
    PendSV_Handler                           0x08004d61   Thumb Code     2  stm32f4xx_it.o(i.PendSV_Handler)
    RCC_AHB1PeriphClockCmd                   0x08004de9   Thumb Code    26  stm32f4xx_rcc.o(i.RCC_AHB1PeriphClockCmd)
    RCC_AHB1PeriphResetCmd                   0x08004e09   Thumb Code    26  stm32f4xx_rcc.o(i.RCC_AHB1PeriphResetCmd)
    RCC_AHB3PeriphClockCmd                   0x08004e29   Thumb Code    26  stm32f4xx_rcc.o(i.RCC_AHB3PeriphClockCmd)
    RCC_APB1PeriphClockCmd                   0x08004e49   Thumb Code    26  stm32f4xx_rcc.o(i.RCC_APB1PeriphClockCmd)
    RCC_APB1PeriphResetCmd                   0x08004e69   Thumb Code    26  stm32f4xx_rcc.o(i.RCC_APB1PeriphResetCmd)
    RCC_APB2PeriphClockCmd                   0x08004e89   Thumb Code    26  stm32f4xx_rcc.o(i.RCC_APB2PeriphClockCmd)
    RCC_APB2PeriphResetCmd                   0x08004ea9   Thumb Code    26  stm32f4xx_rcc.o(i.RCC_APB2PeriphResetCmd)
    RCC_GetClocksFreq                        0x08004ec9   Thumb Code   214  stm32f4xx_rcc.o(i.RCC_GetClocksFreq)
    RCC_GetFlagStatus                        0x08004fb1   Thumb Code    60  stm32f4xx_rcc.o(i.RCC_GetFlagStatus)
    RCC_LTDCCLKDivConfig                     0x08004ff1   Thumb Code    18  stm32f4xx_rcc.o(i.RCC_LTDCCLKDivConfig)
    RCC_PLLSAICmd                            0x08005009   Thumb Code     6  stm32f4xx_rcc.o(i.RCC_PLLSAICmd)
    RCC_PLLSAIConfig                         0x08005015   Thumb Code    18  stm32f4xx_rcc.o(i.RCC_PLLSAIConfig)
    RefreshDisplay                           0x0800502d   Thumb Code    28  display_status.o(i.RefreshDisplay)
    SDRAM_Init                               0x080053f1   Thumb Code   104  bsp_sdram.o(i.SDRAM_Init)
    SPI_Cmd                                  0x08005545   Thumb Code    24  stm32f4xx_spi.o(i.SPI_Cmd)
    SPI_FLASH_BufferRead                     0x0800555d   Thumb Code    74  bsp_spi_flash.o(i.SPI_FLASH_BufferRead)
    SPI_FLASH_Init                           0x080055ad   Thumb Code   210  bsp_spi_flash.o(i.SPI_FLASH_Init)
    SPI_FLASH_SendByte                       0x08005689   Thumb Code   110  bsp_spi_flash.o(i.SPI_FLASH_SendByte)
    SPI_I2S_GetFlagStatus                    0x08005701   Thumb Code    18  stm32f4xx_spi.o(i.SPI_I2S_GetFlagStatus)
    SPI_I2S_ReceiveData                      0x08005713   Thumb Code     6  stm32f4xx_spi.o(i.SPI_I2S_ReceiveData)
    SPI_I2S_SendData                         0x08005719   Thumb Code     4  stm32f4xx_spi.o(i.SPI_I2S_SendData)
    SPI_Init                                 0x0800571d   Thumb Code    60  stm32f4xx_spi.o(i.SPI_Init)
    SVC_Handler                              0x08005799   Thumb Code     2  stm32f4xx_it.o(i.SVC_Handler)
    SYSCFG_EXTILineConfig                    0x0800579d   Thumb Code    60  stm32f4xx_syscfg.o(i.SYSCFG_EXTILineConfig)
    Single_Read                              0x08005949   Thumb Code   342  i2cadax.o(i.Single_Read)
    Single_Write                             0x08005ab5   Thumb Code   228  i2cadax.o(i.Single_Write)
    SysTick_Handler                          0x08005bad   Thumb Code     2  stm32f4xx_it.o(i.SysTick_Handler)
    SystemInit                               0x08005bb1   Thumb Code    88  system_stm32f4xx.o(i.SystemInit)
    TIM3_IRQHandler                          0x08005d3d   Thumb Code    66  stm32f4xx_it.o(i.TIM3_IRQHandler)
    TIM5_IRQHandler                          0x08005d89   Thumb Code    22  stm32f4xx_it.o(i.TIM5_IRQHandler)
    TIM6_DAC_IRQHandler                      0x08005da5   Thumb Code    26  stm32f4xx_it.o(i.TIM6_DAC_IRQHandler)
    TIM_ARRPreloadConfig                     0x08005dc5   Thumb Code    24  stm32f4xx_tim.o(i.TIM_ARRPreloadConfig)
    TIM_BASIC_Config                         0x08005ddd   Thumb Code    58  tim_conf.o(i.TIM_BASIC_Config)
    TIM_BASIC_NVIC_Configuration             0x08005e1d   Thumb Code    42  nvic_conf.o(i.TIM_BASIC_NVIC_Configuration)
    TIM_ClearFlag                            0x08005e47   Thumb Code     6  stm32f4xx_tim.o(i.TIM_ClearFlag)
    TIM_ClearITPendingBit                    0x08005e4d   Thumb Code     6  stm32f4xx_tim.o(i.TIM_ClearITPendingBit)
    TIM_Cmd                                  0x08005e53   Thumb Code    24  stm32f4xx_tim.o(i.TIM_Cmd)
    TIM_Config                               0x08005e6d   Thumb Code   132  tim_conf.o(i.TIM_Config)
    TIM_DeInit                               0x08005ef5   Thumb Code   346  stm32f4xx_tim.o(i.TIM_DeInit)
    TIM_EncoderInterfaceConfig               0x08006085   Thumb Code    66  stm32f4xx_tim.o(i.TIM_EncoderInterfaceConfig)
    TIM_GetITStatus                          0x080060c7   Thumb Code    34  stm32f4xx_tim.o(i.TIM_GetITStatus)
    TIM_ICInit                               0x080060e9   Thumb Code   110  stm32f4xx_tim.o(i.TIM_ICInit)
    TIM_ICStructInit                         0x08006157   Thumb Code    18  stm32f4xx_tim.o(i.TIM_ICStructInit)
    TIM_ITConfig                             0x08006169   Thumb Code    18  stm32f4xx_tim.o(i.TIM_ITConfig)
    TIM_NVIC_Config                          0x0800617b   Thumb Code    42  nvic_conf.o(i.TIM_NVIC_Config)
    TIM_OC1Init                              0x080061a5   Thumb Code   114  stm32f4xx_tim.o(i.TIM_OC1Init)
    TIM_OC1PreloadConfig                     0x08006221   Thumb Code    18  stm32f4xx_tim.o(i.TIM_OC1PreloadConfig)
    TIM_OC2Init                              0x08006235   Thumb Code   154  stm32f4xx_tim.o(i.TIM_OC2Init)
    TIM_OC3Init                              0x080062d9   Thumb Code   150  stm32f4xx_tim.o(i.TIM_OC3Init)
    TIM_PWMINPUT_Config                      0x08006379   Thumb Code   148  tim_conf.o(i.TIM_PWMINPUT_Config)
    TIM_SetCounter                           0x08006411   Thumb Code     4  stm32f4xx_tim.o(i.TIM_SetCounter)
    TIM_SetIC1Prescaler                      0x08006415   Thumb Code    18  stm32f4xx_tim.o(i.TIM_SetIC1Prescaler)
    TIM_SetIC2Prescaler                      0x08006427   Thumb Code    26  stm32f4xx_tim.o(i.TIM_SetIC2Prescaler)
    TIM_SetIC3Prescaler                      0x08006441   Thumb Code    18  stm32f4xx_tim.o(i.TIM_SetIC3Prescaler)
    TIM_SetIC4Prescaler                      0x08006453   Thumb Code    26  stm32f4xx_tim.o(i.TIM_SetIC4Prescaler)
    TIM_TimeBaseInit                         0x0800646d   Thumb Code   104  stm32f4xx_tim.o(i.TIM_TimeBaseInit)
    TIM_TimeBaseStructInit                   0x080064f1   Thumb Code    18  stm32f4xx_tim.o(i.TIM_TimeBaseStructInit)
    TIMx_NVIC_Configuration                  0x08006503   Thumb Code    42  nvic_conf.o(i.TIMx_NVIC_Configuration)
    Touch_Button_Down                        0x0800652d   Thumb Code   182  palette.o(i.Touch_Button_Down)
    Touch_Button_Up                          0x080065ed   Thumb Code   142  palette.o(i.Touch_Button_Up)
    USART3_IRQHandler                        0x08006685   Thumb Code    30  stm32f4xx_it.o(i.USART3_IRQHandler)
    USART_ClearITPendingBit                  0x080066a9   Thumb Code    30  stm32f4xx_usart.o(i.USART_ClearITPendingBit)
    USART_Cmd                                0x080066c7   Thumb Code    24  stm32f4xx_usart.o(i.USART_Cmd)
    USART_GetFlagStatus                      0x080066df   Thumb Code    26  stm32f4xx_usart.o(i.USART_GetFlagStatus)
    USART_GetITStatus                        0x080066f9   Thumb Code    84  stm32f4xx_usart.o(i.USART_GetITStatus)
    USART_ITConfig                           0x0800674d   Thumb Code    74  stm32f4xx_usart.o(i.USART_ITConfig)
    USART_Init                               0x08006799   Thumb Code   204  stm32f4xx_usart.o(i.USART_Init)
    USART_ReceiveData                        0x0800686d   Thumb Code    10  stm32f4xx_usart.o(i.USART_ReceiveData)
    USART_SendData                           0x08006877   Thumb Code     8  stm32f4xx_usart.o(i.USART_SendData)
    UsageFault_Handler                       0x0800687f   Thumb Code     4  stm32f4xx_it.o(i.UsageFault_Handler)
    Usart_SendByte                           0x08006883   Thumb Code    30  gps.o(i.Usart_SendByte)
    Usart_SendString                         0x080068a1   Thumb Code    42  gps.o(i.Usart_SendString)
    WWDG_ClearFlag                           0x080068cd   Thumb Code     8  stm32f4xx_wwdg.o(i.WWDG_ClearFlag)
    WWDG_IRQHandler                          0x080068d9   Thumb Code    14  i2cadax.o(i.WWDG_IRQHandler)
    WWDG_SetCounter                          0x080068e9   Thumb Code    10  stm32f4xx_wwdg.o(i.WWDG_SetCounter)
    __0printf                                0x080068f9   Thumb Code    22  printfa.o(i.__0printf)
    __1printf                                0x080068f9   Thumb Code     0  printfa.o(i.__0printf)
    __2printf                                0x080068f9   Thumb Code     0  printfa.o(i.__0printf)
    __c89printf                              0x080068f9   Thumb Code     0  printfa.o(i.__0printf)
    printf                                   0x080068f9   Thumb Code     0  printfa.o(i.__0printf)
    __0sprintf                               0x08006919   Thumb Code    34  printfa.o(i.__0sprintf)
    __1sprintf                               0x08006919   Thumb Code     0  printfa.o(i.__0sprintf)
    __2sprintf                               0x08006919   Thumb Code     0  printfa.o(i.__0sprintf)
    __c89sprintf                             0x08006919   Thumb Code     0  printfa.o(i.__0sprintf)
    sprintf                                  0x08006919   Thumb Code     0  printfa.o(i.__0sprintf)
    __scatterload_copy                       0x08006941   Thumb Code    14  handlers.o(i.__scatterload_copy)
    __scatterload_null                       0x0800694f   Thumb Code     2  handlers.o(i.__scatterload_null)
    __scatterload_zeroinit                   0x08006951   Thumb Code    14  handlers.o(i.__scatterload_zeroinit)
    clear_output_GPS_string                  0x08007255   Thumb Code     8  global.o(i.clear_output_GPS_string)
    clear_output_string                      0x08007261   Thumb Code     8  global.o(i.clear_output_string)
    decrease_pwm_1000                        0x0800726d   Thumb Code    12  pwm_control.o(i.decrease_pwm_1000)
    decrease_speed_100                       0x08007279   Thumb Code    24  pwm_control.o(i.decrease_speed_100)
    fputc                                    0x08007291   Thumb Code    32  bsp_debug_usart.o(i.fputc)
    i2c_Ack                                  0x080072b5   Thumb Code    48  bsp_i2c_touch.o(i.i2c_Ack)
    i2c_NAck                                 0x080072f9   Thumb Code    40  bsp_i2c_touch.o(i.i2c_NAck)
    i2c_ReadByte                             0x08007325   Thumb Code    62  bsp_i2c_touch.o(i.i2c_ReadByte)
    i2c_SendByte                             0x08007369   Thumb Code    86  bsp_i2c_touch.o(i.i2c_SendByte)
    i2c_Start                                0x080073c5   Thumb Code    48  bsp_i2c_touch.o(i.i2c_Start)
    i2c_Stop                                 0x080073f9   Thumb Code    32  bsp_i2c_touch.o(i.i2c_Stop)
    i2c_WaitAck                              0x0800741d   Thumb Code    58  bsp_i2c_touch.o(i.i2c_WaitAck)
    increase_pwm_1000                        0x0800745d   Thumb Code    16  pwm_control.o(i.increase_pwm_1000)
    increase_speed_100                       0x0800746d   Thumb Code    28  pwm_control.o(i.increase_speed_100)
    isequal                                  0x080074c1   Thumb Code    50  string.o(i.isequal)
    main                                     0x080074f3   Thumb Code   124  main.o(i.main)
    my_strcat                                0x0800756f   Thumb Code    32  string.o(i.my_strcat)
    myatof                                   0x08007591   Thumb Code   220  string.o(i.myatof)
    myatoi                                   0x08007675   Thumb Code    82  string.o(i.myatoi)
    myitoa                                   0x080076c7   Thumb Code    88  string.o(i.myitoa)
    myitohex_twob                            0x0800771f   Thumb Code   106  string.o(i.myitohex_twob)
    read_ADXL345                             0x08007789   Thumb Code   128  i2cadax.o(i.read_ADXL345)
    ASCII16x24_Table                         0x08007940   Data        4560  fonts.o(.constdata)
    ASCII12x12_Table                         0x08008b10   Data        2304  fonts.o(.constdata)
    ASCII8x12_Table                          0x08009410   Data        2304  fonts.o(.constdata)
    ASCII8x8_Table                           0x08009d10   Data        1536  fonts.o(.constdata)
    __ctype_categories                       0x0800a310   Data          64  ctype_c.o(.constdata)
    Region$$Table$$Base                      0x0800a3f4   Number         0  anon$$obj.o(Region$$Table)
    Region$$Table$$Limit                     0x0800a414   Number         0  anon$$obj.o(Region$$Table)
    received                                 0x20000000   Data           4  global.o(.data)
    receive_Buff_Point                       0x20000004   Data           1  global.o(.data)
    testresult                               0x20000008   Data           4  global.o(.data)
    DISPLAY_Data                             0x2000000c   Data           8  global.o(.data)
    onOff                                    0x20000014   Data           1  global.o(.data)
    Every1000count                           0x20000015   Data           1  global.o(.data)
    Every100count                            0x20000016   Data           1  global.o(.data)
    Every10count                             0x20000017   Data           1  global.o(.data)
    Every1count                              0x20000018   Data           1  global.o(.data)
    speed1                                   0x2000001c   Data           4  global.o(.data)
    speed2                                   0x20000020   Data           4  global.o(.data)
    SPEED_FL                                 0x20000024   Data           4  global.o(.data)
    SPEED_FR                                 0x20000028   Data           4  global.o(.data)
    SPEED_BL                                 0x2000002c   Data           4  global.o(.data)
    SPEED_BR                                 0x20000030   Data           4  global.o(.data)
    LastErr_Fl                               0x20000034   Data           4  global.o(.data)
    pwm_up                                   0x20000038   Data           2  global.o(.data)
    CTP_CFG_GT917S                           0x2000003a   Data         239  gt9xx.o(.data)
    CTP_CFG_GT911                            0x20000129   Data         186  gt9xx.o(.data)
    config                                   0x200001e3   Data         242  gt9xx.o(.data)
    touchIC                                  0x200002d5   Data           1  gt9xx.o(.data)
    Font16x24                                0x20000304   Data           8  fonts.o(.data)
    Font12x12                                0x2000030c   Data           8  fonts.o(.data)
    Font8x12                                 0x20000314   Data           8  fonts.o(.data)
    Font8x8                                  0x2000031c   Data           8  fonts.o(.data)
    button_n                                 0x2000032c   Data           1  palette.o(.data)
    brush                                    0x20000330   Data           8  palette.o(.data)
    A_Xout                                   0x20000338   Data           4  i2cadax.o(.data)
    A_Yout                                   0x2000033c   Data           4  i2cadax.o(.data)
    A_Zout                                   0x20000340   Data           4  i2cadax.o(.data)
    A_X                                      0x20000344   Data           4  i2cadax.o(.data)
    A_Y                                      0x20000348   Data           4  i2cadax.o(.data)
    A_Z                                      0x2000034c   Data           4  i2cadax.o(.data)
    count_wait                               0x20000350   Data           4  i2cadax.o(.data)
    __stdout                                 0x20000364   Data           4  stdout.o(.data)
    NUMBER                                   0x20000368   Data          16  global.o(.bss)
    Output_String                            0x20000378   Data         100  global.o(.bss)
    Output_GPS_String                        0x200003dc   Data         100  global.o(.bss)
    receive_Buff                             0x20000440   Data          90  global.o(.bss)
    GPS_Data                                 0x200004a0   Data         752  global.o(.bss)
    button                                   0x20000790   Data         800  palette.o(.bss)
    __initial_sp                             0x20000eb0   Data           0  startup_stm32f429_439xx.o(STACK)



==============================================================================

Memory Map of the image

  Image Entry point : 0x080001c1

  Load Region LR_1 (Base: 0x08000000, Size: 0x0000a77c, Max: 0xffffffff, ABSOLUTE, COMPRESSED[0x0000a57c])

    Execution Region ER_RO (Exec base: 0x08000000, Load base: 0x08000000, Size: 0x0000a414, Max: 0xffffffff, ABSOLUTE)

    Exec Addr    Load Addr    Size         Type   Attr      Idx    E Section Name        Object

    0x08000000   0x08000000   0x000001ac   Data   RO          156    RESET               startup_stm32f429_439xx.o
    0x080001ac   0x080001ac   0x00000000   Code   RO         7068  * .ARM.Collect$$$$00000000  mc_w.l(entry.o)
    0x080001ac   0x080001ac   0x00000004   Code   RO         7356    .ARM.Collect$$$$00000001  mc_w.l(entry2.o)
    0x080001b0   0x080001b0   0x00000004   Code   RO         7359    .ARM.Collect$$$$00000004  mc_w.l(entry5.o)
    0x080001b4   0x080001b4   0x00000000   Code   RO         7361    .ARM.Collect$$$$00000008  mc_w.l(entry7b.o)
    0x080001b4   0x080001b4   0x00000000   Code   RO         7363    .ARM.Collect$$$$0000000A  mc_w.l(entry8b.o)
    0x080001b4   0x080001b4   0x00000008   Code   RO         7364    .ARM.Collect$$$$0000000B  mc_w.l(entry9a.o)
    0x080001bc   0x080001bc   0x00000000   Code   RO         7366    .ARM.Collect$$$$0000000D  mc_w.l(entry10a.o)
    0x080001bc   0x080001bc   0x00000000   Code   RO         7368    .ARM.Collect$$$$0000000F  mc_w.l(entry11a.o)
    0x080001bc   0x080001bc   0x00000004   Code   RO         7357    .ARM.Collect$$$$00002712  mc_w.l(entry2.o)
    0x080001c0   0x080001c0   0x00000024   Code   RO          157  * .text               startup_stm32f429_439xx.o
    0x080001e4   0x080001e4   0x00000008   Code   RO         7071    .text               mc_w.l(isdigit_c.o)
    0x080001ec   0x080001ec   0x00000024   Code   RO         7073    .text               mc_w.l(memcpya.o)
    0x08000210   0x08000210   0x00000024   Code   RO         7075    .text               mc_w.l(memseta.o)
    0x08000234   0x08000234   0x000000e4   Code   RO         7342    .text               mf_w.l(dmul.o)
    0x08000318   0x08000318   0x00000022   Code   RO         7344    .text               mf_w.l(dflti.o)
    0x0800033a   0x0800033a   0x0000001a   Code   RO         7346    .text               mf_w.l(dfltui.o)
    0x08000354   0x08000354   0x00000018   Code   RO         7348    .text               mf_w.l(dfltul.o)
    0x0800036c   0x0800036c   0x0000003e   Code   RO         7350    .text               mf_w.l(dfixi.o)
    0x080003aa   0x080003aa   0x00000032   Code   RO         7352    .text               mf_w.l(dfixui.o)
    0x080003dc   0x080003dc   0x00000030   Code   RO         7354    .text               mf_w.l(dfixul.o)
    0x0800040c   0x0800040c   0x0000002c   Code   RO         7371    .text               mc_w.l(uidiv.o)
    0x08000438   0x08000438   0x00000062   Code   RO         7373    .text               mc_w.l(uldiv.o)
    0x0800049a   0x0800049a   0x0000001e   Code   RO         7375    .text               mc_w.l(llshl.o)
    0x080004b8   0x080004b8   0x00000020   Code   RO         7377    .text               mc_w.l(llushr.o)
    0x080004d8   0x080004d8   0x00000028   Code   RO         7379    .text               mc_w.l(ctype_c.o)
    0x08000500   0x08000500   0x00000000   Code   RO         7382    .text               mc_w.l(iusefp.o)
    0x08000500   0x08000500   0x000000ba   Code   RO         7383    .text               mf_w.l(depilogue.o)
    0x080005ba   0x080005ba   0x0000014e   Code   RO         7385    .text               mf_w.l(dadd.o)
    0x08000708   0x08000708   0x000000de   Code   RO         7387    .text               mf_w.l(ddiv.o)
    0x080007e6   0x080007e6   0x00000002   PAD
    0x080007e8   0x080007e8   0x00000030   Code   RO         7389    .text               mf_w.l(cdrcmple.o)
    0x08000818   0x08000818   0x00000024   Code   RO         7391    .text               mc_w.l(init.o)
    0x0800083c   0x0800083c   0x00000024   Code   RO         7393    .text               mc_w.l(llsshr.o)
    0x08000860   0x08000860   0x00000056   Code   RO         7403    .text               mc_w.l(__dczerorl2.o)
    0x080008b6   0x080008b6   0x00000002   PAD
    0x080008b8   0x080008b8   0x000000a0   Code   RO         1987    i.ADXL345_IIC_Config  i2cadax.o
    0x08000958   0x08000958   0x00000040   Code   RO         1988    i.ADXL_generate_data  i2cadax.o
    0x08000998   0x08000998   0x00000004   Code   RO          248    i.BusFault_Handler  stm32f4xx_it.o
    0x0800099c   0x0800099c   0x00000020   Code   RO         1646    i.Check_GPS_NMEA    gps.o
    0x080009bc   0x080009bc   0x00000098   Code   RO         1366    i.Command_Send_Info  palette_pwm_debug.o
    0x08000a54   0x08000a54   0x0000002c   Code   RO         1469    i.Command_Send_Info  palette_main_debug.o
    0x08000a80   0x08000a80   0x00000056   Code   RO         1574    i.Command_Send_Info  palette_gps_debug.o
    0x08000ad6   0x08000ad6   0x00000002   PAD
    0x08000ad8   0x08000ad8   0x00000060   Code   RO         1863    i.Command_Send_Info  palette_gps_receive.o
    0x08000b38   0x08000b38   0x0000001e   Code   RO         1942    i.Command_Send_Info  palette_i2c_debug.o
    0x08000b56   0x08000b56   0x0000001c   Code   RO         1647    i.Compute_NMEA_check_value  gps.o
    0x08000b72   0x08000b72   0x00000024   Code   RO         1648    i.Compute_UTC_H     gps.o
    0x08000b96   0x08000b96   0x0000002e   Code   RO         1649    i.Compute_UTC_M     gps.o
    0x08000bc4   0x08000bc4   0x00000040   Code   RO         1650    i.Compute_UTC_MS    gps.o
    0x08000c04   0x08000c04   0x00000026   Code   RO         1651    i.Compute_UTC_S     gps.o
    0x08000c2a   0x08000c2a   0x00000028   Code   RO         1215    i.DEBUG_NVIC_Configuration  nvic_conf.o
    0x08000c52   0x08000c52   0x00000028   Code   RO         1216    i.DGPS_NVIC_Configuration  nvic_conf.o
    0x08000c7a   0x08000c7a   0x00000002   PAD
    0x08000c7c   0x08000c7c   0x000000a4   Code   RO         1622    i.DGPS_USART_Config  dgps_usart_conf.o
    0x08000d20   0x08000d20   0x00000016   Code   RO         3268    i.DMA2D_DeInit      stm32f4xx_dma2d.o
    0x08000d36   0x08000d36   0x00000002   PAD
    0x08000d38   0x08000d38   0x00000018   Code   RO         3273    i.DMA2D_GetFlagStatus  stm32f4xx_dma2d.o
    0x08000d50   0x08000d50   0x000000e4   Code   RO         3276    i.DMA2D_Init        stm32f4xx_dma2d.o
    0x08000e34   0x08000e34   0x00000014   Code   RO         3278    i.DMA2D_StartTransfer  stm32f4xx_dma2d.o
    0x08000e48   0x08000e48   0x00000002   Code   RO          249    i.DebugMon_Handler  stm32f4xx_it.o
    0x08000e4a   0x08000e4a   0x00000002   PAD
    0x08000e4c   0x08000e4c   0x00000098   Code   RO          432    i.Debug_USART_Config  bsp_debug_usart.o
    0x08000ee4   0x08000ee4   0x00000012   Code   RO          468    i.Delay             bsp_i2c_touch.o
    0x08000ef6   0x08000ef6   0x00000012   Code   RO          605    i.Delay             gt9xx.o
    0x08000f08   0x08000f08   0x0000023c   Code   RO         1367    i.Draw_Command_Button  palette_pwm_debug.o
    0x08001144   0x08001144   0x00000170   Code   RO         1470    i.Draw_Command_Button  palette_main_debug.o
    0x080012b4   0x080012b4   0x0000023c   Code   RO         1575    i.Draw_Command_Button  palette_gps_debug.o
    0x080014f0   0x080014f0   0x0000023c   Code   RO         1864    i.Draw_Command_Button  palette_gps_receive.o
    0x0800172c   0x0800172c   0x00000144   Code   RO         1943    i.Draw_Command_Button  palette_i2c_debug.o
    0x08001870   0x08001870   0x0000001a   Code   RO          250    i.EXTI15_10_IRQHandler  stm32f4xx_it.o
    0x0800188a   0x0800188a   0x00000002   PAD
    0x0800188c   0x0800188c   0x0000000c   Code   RO         3395    i.EXTI_ClearITPendingBit  stm32f4xx_exti.o
    0x08001898   0x08001898   0x00000018   Code   RO         3399    i.EXTI_GetITStatus  stm32f4xx_exti.o
    0x080018b0   0x080018b0   0x00000094   Code   RO         3400    i.EXTI_Init         stm32f4xx_exti.o
    0x08001944   0x08001944   0x0000002c   Code   RO         1989    i.Error_CallBack    i2cadax.o
    0x08001970   0x08001970   0x00000024   Code   RO          360    i.Every1000s        global.o
    0x08001994   0x08001994   0x00000024   Code   RO          361    i.Every100s         global.o
    0x080019b8   0x080019b8   0x00000038   Code   RO          362    i.Every10s          global.o
    0x080019f0   0x080019f0   0x0000001c   Code   RO          363    i.Every1s           global.o
    0x08001a0c   0x08001a0c   0x00000048   Code   RO         3754    i.FMC_GetFlagStatus  stm32f4xx_fmc.o
    0x08001a54   0x08001a54   0x00000020   Code   RO         3771    i.FMC_SDRAMCmdConfig  stm32f4xx_fmc.o
    0x08001a74   0x08001a74   0x00000144   Code   RO         3773    i.FMC_SDRAMInit     stm32f4xx_fmc.o
    0x08001bb8   0x08001bb8   0x00000018   Code   RO         3777    i.FMC_SetRefreshCount  stm32f4xx_fmc.o
    0x08001bd0   0x08001bd0   0x00000090   Code   RO         3956    i.GPIO_Init         stm32f4xx_gpio.o
    0x08001c60   0x08001c60   0x00000046   Code   RO         3957    i.GPIO_PinAFConfig  stm32f4xx_gpio.o
    0x08001ca6   0x08001ca6   0x00000012   Code   RO         3960    i.GPIO_ReadInputDataBit  stm32f4xx_gpio.o
    0x08001cb8   0x08001cb8   0x00000004   Code   RO         3963    i.GPIO_ResetBits    stm32f4xx_gpio.o
    0x08001cbc   0x08001cbc   0x00000004   Code   RO         3964    i.GPIO_SetBits      stm32f4xx_gpio.o
    0x08001cc0   0x08001cc0   0x00000054   Code   RO         1652    i.GPS_COLD_START    gps.o
    0x08001d14   0x08001d14   0x0000021c   Code   RO         1576    i.GPS_DEBUG_Display_Info  palette_gps_debug.o
    0x08001f30   0x08001f30   0x00000078   Code   RO         1577    i.GPS_DEBUG_Palette_Init  palette_gps_debug.o
    0x08001fa8   0x08001fa8   0x000001ac   Code   RO         1578    i.GPS_DEBUG_Touch_Button_Init  palette_gps_debug.o
    0x08002154   0x08002154   0x000001c0   Code   RO         1653    i.GPS_GPGGA_update  gps.o
    0x08002314   0x08002314   0x00000064   Code   RO         1654    i.GPS_GPGLL_update  gps.o
    0x08002378   0x08002378   0x000000c8   Code   RO         1655    i.GPS_GPGSA_update  gps.o
    0x08002440   0x08002440   0x000000b4   Code   RO         1656    i.GPS_GPGSV_update  gps.o
    0x080024f4   0x080024f4   0x00000090   Code   RO         1658    i.GPS_GPVTG_update  gps.o
    0x08002584   0x08002584   0x00000020   Code   RO         1659    i.GPS_Init          gps.o
    0x080025a4   0x080025a4   0x00000234   Code   RO         1865    i.GPS_RECEIVE_Display_Info  palette_gps_receive.o
    0x080027d8   0x080027d8   0x00000084   Code   RO         1866    i.GPS_RECEIVE_Palette_Init  palette_gps_receive.o
    0x0800285c   0x0800285c   0x000001ac   Code   RO         1867    i.GPS_RECEIVE_Touch_Button_Init  palette_gps_receive.o
    0x08002a08   0x08002a08   0x00000028   Code   RO         1660    i.GPS_SEND          gps.o
    0x08002a30   0x08002a30   0x00000002   Code   RO         1661    i.GPS_SET_NMEA_OUTPUT  gps.o
    0x08002a32   0x08002a32   0x00000002   PAD
    0x08002a34   0x08002a34   0x00000060   Code   RO         1662    i.GPS_USART_Receive_Bytes  gps.o
    0x08002a94   0x08002a94   0x0000010c   Code   RO         1663    i.GPS_update        gps.o
    0x08002ba0   0x08002ba0   0x000000c8   Code   RO          606    i.GTP_Get_Info      gt9xx.o
    0x08002c68   0x08002c68   0x00000084   Code   RO          607    i.GTP_I2C_Read      gt9xx.o
    0x08002cec   0x08002cec   0x00000070   Code   RO          609    i.GTP_I2C_Test      gt9xx.o
    0x08002d5c   0x08002d5c   0x00000060   Code   RO          610    i.GTP_I2C_Write     gt9xx.o
    0x08002dbc   0x08002dbc   0x0000014c   Code   RO          613    i.GTP_Init_Panel    gt9xx.o
    0x08002f08   0x08002f08   0x000001ac   Code   RO          614    i.GTP_Read_Version  gt9xx.o
    0x080030b4   0x080030b4   0x0000000c   Code   RO          617    i.GTP_TouchProcess  gt9xx.o
    0x080030c0   0x080030c0   0x0000007c   Code   RO          618    i.GTP_Touch_Down    gt9xx.o
    0x0800313c   0x0800313c   0x00000070   Code   RO          619    i.GTP_Touch_Up      gt9xx.o
    0x080031ac   0x080031ac   0x00000054   Code   RO         1012    i.GetGBKCode_from_EXFlash  fonts.o
    0x08003200   0x08003200   0x00000024   Code   RO          364    i.GlobalInitialization  global.o
    0x08003224   0x08003224   0x000001f0   Code   RO          621    i.Goodix_TS_Work_Func  gt9xx.o
    0x08003414   0x08003414   0x00000004   Code   RO          251    i.HardFault_Handler  stm32f4xx_it.o
    0x08003418   0x08003418   0x00000018   Code   RO         4244    i.I2C_AcknowledgeConfig  stm32f4xx_i2c.o
    0x08003430   0x08003430   0x0000002a   Code   RO         4247    i.I2C_CheckEvent    stm32f4xx_i2c.o
    0x0800345a   0x0800345a   0x00000018   Code   RO         4250    i.I2C_Cmd           stm32f4xx_i2c.o
    0x08003472   0x08003472   0x00000002   PAD
    0x08003474   0x08003474   0x000000d0   Code   RO         1944    i.I2C_DEBUG_Display_Info  palette_i2c_debug.o
    0x08003544   0x08003544   0x00000078   Code   RO         1945    i.I2C_DEBUG_Palette_Init  palette_i2c_debug.o
    0x080035bc   0x080035bc   0x00000050   Code   RO         1946    i.I2C_DEBUG_Touch_Button_Init  palette_i2c_debug.o
    0x0800360c   0x0800360c   0x000000a0   Code   RO          469    i.I2C_GPIO_Config   bsp_i2c_touch.o
    0x080036ac   0x080036ac   0x0000002a   Code   RO          470    i.I2C_GTP_EXTI_Config  bsp_i2c_touch.o
    0x080036d6   0x080036d6   0x00000002   PAD
    0x080036d8   0x080036d8   0x00000028   Code   RO          471    i.I2C_GTP_GPIO_Config  bsp_i2c_touch.o
    0x08003700   0x08003700   0x00000014   Code   RO          473    i.I2C_GTP_IRQEnable  bsp_i2c_touch.o
    0x08003714   0x08003714   0x00000028   Code   RO          474    i.I2C_GTP_NVIC_Config  bsp_i2c_touch.o
    0x0800373c   0x0800373c   0x00000018   Code   RO         4258    i.I2C_GenerateSTART  stm32f4xx_i2c.o
    0x08003754   0x08003754   0x00000018   Code   RO         4259    i.I2C_GenerateSTOP  stm32f4xx_i2c.o
    0x0800376c   0x0800376c   0x000000e8   Code   RO         4265    i.I2C_Init          stm32f4xx_i2c.o
    0x08003854   0x08003854   0x0000004e   Code   RO          476    i.I2C_ReadBytes     bsp_i2c_touch.o
    0x080038a2   0x080038a2   0x00000008   Code   RO         4270    i.I2C_ReceiveData   stm32f4xx_i2c.o
    0x080038aa   0x080038aa   0x00000002   PAD
    0x080038ac   0x080038ac   0x00000074   Code   RO          477    i.I2C_ResetChip     bsp_i2c_touch.o
    0x08003920   0x08003920   0x00000010   Code   RO         4272    i.I2C_Send7bitAddress  stm32f4xx_i2c.o
    0x08003930   0x08003930   0x00000004   Code   RO         4273    i.I2C_SendData      stm32f4xx_i2c.o
    0x08003934   0x08003934   0x00000010   Code   RO          478    i.I2C_Touch_Init    bsp_i2c_touch.o
    0x08003944   0x08003944   0x0000007e   Code   RO          622    i.I2C_Transfer      gt9xx.o
    0x080039c2   0x080039c2   0x00000066   Code   RO          479    i.I2C_WriteBytes    bsp_i2c_touch.o
    0x08003a28   0x08003a28   0x00000022   Code   RO         1990    i.Init_ADXL345      i2cadax.o
    0x08003a4a   0x08003a4a   0x00000002   PAD
    0x08003a4c   0x08003a4c   0x00000074   Code   RO          730    i.LCD_Clear         bsp_lcd.o
    0x08003ac0   0x08003ac0   0x000000ac   Code   RO          735    i.LCD_DispChar_CH   bsp_lcd.o
    0x08003b6c   0x08003b6c   0x000000a0   Code   RO          736    i.LCD_DispString_EN_CH  bsp_lcd.o
    0x08003c0c   0x08003c0c   0x00000030   Code   RO          737    i.LCD_DisplayChar   bsp_lcd.o
    0x08003c3c   0x08003c3c   0x000000dc   Code   RO          740    i.LCD_DrawChar      bsp_lcd.o
    0x08003d18   0x08003d18   0x000000a4   Code   RO          745    i.LCD_DrawFullRect  bsp_lcd.o
    0x08003dbc   0x08003dbc   0x000000ac   Code   RO          746    i.LCD_DrawLine      bsp_lcd.o
    0x08003e68   0x08003e68   0x00000044   Code   RO          748    i.LCD_DrawRect      bsp_lcd.o
    0x08003eac   0x08003eac   0x00000308   Code   RO          752    i.LCD_GPIO_Config   bsp_lcd.o
    0x080041b4   0x080041b4   0x0000007e   Code   RO          755    i.LCD_Init          bsp_lcd.o
    0x08004232   0x08004232   0x00000002   PAD
    0x08004234   0x08004234   0x000000a8   Code   RO          756    i.LCD_LayerInit     bsp_lcd.o
    0x080042dc   0x080042dc   0x00000014   Code   RO          763    i.LCD_SetColors     bsp_lcd.o
    0x080042f0   0x080042f0   0x0000000c   Code   RO          766    i.LCD_SetFont       bsp_lcd.o
    0x080042fc   0x080042fc   0x0000002c   Code   RO          767    i.LCD_SetLayer      bsp_lcd.o
    0x08004328   0x08004328   0x0000000c   Code   RO          768    i.LCD_SetTextColor  bsp_lcd.o
    0x08004334   0x08004334   0x00000030   Code   RO          769    i.LCD_SetTransparency  bsp_lcd.o
    0x08004364   0x08004364   0x00000024   Code   RO         4530    i.LTDC_Cmd          stm32f4xx_ltdc.o
    0x08004388   0x08004388   0x00000024   Code   RO         4534    i.LTDC_DitherCmd    stm32f4xx_ltdc.o
    0x080043ac   0x080043ac   0x00000188   Code   RO         4541    i.LTDC_Init         stm32f4xx_ltdc.o
    0x08004534   0x08004534   0x00000004   Code   RO         4544    i.LTDC_LayerAlpha   stm32f4xx_ltdc.o
    0x08004538   0x08004538   0x00000016   Code   RO         4545    i.LTDC_LayerCmd     stm32f4xx_ltdc.o
    0x0800454e   0x0800454e   0x00000114   Code   RO         4546    i.LTDC_LayerInit    stm32f4xx_ltdc.o
    0x08004662   0x08004662   0x00000002   PAD
    0x08004664   0x08004664   0x0000000c   Code   RO         4553    i.LTDC_ReloadConfig  stm32f4xx_ltdc.o
    0x08004670   0x08004670   0x0000001e   Code   RO         1471    i.MAIN_DEBUG_Display_Info  palette_main_debug.o
    0x0800468e   0x0800468e   0x00000002   PAD
    0x08004690   0x08004690   0x0000007c   Code   RO         1472    i.MAIN_DEBUG_Palette_Init  palette_main_debug.o
    0x0800470c   0x0800470c   0x00000078   Code   RO         1473    i.MAIN_DEBUG_Touch_Button_Init  palette_main_debug.o
    0x08004784   0x08004784   0x00000004   Code   RO          252    i.MemManage_Handler  stm32f4xx_it.o
    0x08004788   0x08004788   0x00000002   Code   RO          253    i.NMI_Handler       stm32f4xx_it.o
    0x0800478a   0x0800478a   0x00000002   PAD
    0x0800478c   0x0800478c   0x00000078   Code   RO         2078    i.NVIC_Init         misc.o
    0x08004804   0x08004804   0x00000014   Code   RO         2079    i.NVIC_PriorityGroupConfig  misc.o
    0x08004818   0x08004818   0x0000002e   Code   RO         1664    i.PMTK_Get_Arg      gps.o
    0x08004846   0x08004846   0x00000002   PAD
    0x08004848   0x08004848   0x000001f0   Code   RO         1368    i.PWM_DEBUG_Display_Info  palette_pwm_debug.o
    0x08004a38   0x08004a38   0x0000007c   Code   RO         1369    i.PWM_DEBUG_Palette_Init  palette_pwm_debug.o
    0x08004ab4   0x08004ab4   0x000001ac   Code   RO         1370    i.PWM_DEBUG_Touch_Button_Init  palette_pwm_debug.o
    0x08004c60   0x08004c60   0x00000100   Code   RO         1191    i.PWM_GPIO_Config   gpio_conf.o
    0x08004d60   0x08004d60   0x00000002   Code   RO          254    i.PendSV_Handler    stm32f4xx_it.o
    0x08004d62   0x08004d62   0x00000084   Code   RO         1665    i.Pick_NMEA_check_value  gps.o
    0x08004de6   0x08004de6   0x00000002   PAD
    0x08004de8   0x08004de8   0x00000020   Code   RO         4870    i.RCC_AHB1PeriphClockCmd  stm32f4xx_rcc.o
    0x08004e08   0x08004e08   0x00000020   Code   RO         4872    i.RCC_AHB1PeriphResetCmd  stm32f4xx_rcc.o
    0x08004e28   0x08004e28   0x00000020   Code   RO         4876    i.RCC_AHB3PeriphClockCmd  stm32f4xx_rcc.o
    0x08004e48   0x08004e48   0x00000020   Code   RO         4879    i.RCC_APB1PeriphClockCmd  stm32f4xx_rcc.o
    0x08004e68   0x08004e68   0x00000020   Code   RO         4881    i.RCC_APB1PeriphResetCmd  stm32f4xx_rcc.o
    0x08004e88   0x08004e88   0x00000020   Code   RO         4882    i.RCC_APB2PeriphClockCmd  stm32f4xx_rcc.o
    0x08004ea8   0x08004ea8   0x00000020   Code   RO         4884    i.RCC_APB2PeriphResetCmd  stm32f4xx_rcc.o
    0x08004ec8   0x08004ec8   0x000000e8   Code   RO         4891    i.RCC_GetClocksFreq  stm32f4xx_rcc.o
    0x08004fb0   0x08004fb0   0x00000040   Code   RO         4892    i.RCC_GetFlagStatus  stm32f4xx_rcc.o
    0x08004ff0   0x08004ff0   0x00000018   Code   RO         4903    i.RCC_LTDCCLKDivConfig  stm32f4xx_rcc.o
    0x08005008   0x08005008   0x0000000c   Code   RO         4912    i.RCC_PLLSAICmd     stm32f4xx_rcc.o
    0x08005014   0x08005014   0x00000018   Code   RO         4913    i.RCC_PLLSAIConfig  stm32f4xx_rcc.o
    0x0800502c   0x0800502c   0x00000020   Code   RO         1913    i.RefreshDisplay    display_status.o
    0x0800504c   0x0800504c   0x000003a4   Code   RO         1517    i.SDRAM_GPIO_Config  bsp_sdram.o
    0x080053f0   0x080053f0   0x00000068   Code   RO         1518    i.SDRAM_Init        bsp_sdram.o
    0x08005458   0x08005458   0x000000c8   Code   RO         1519    i.SDRAM_InitSequence  bsp_sdram.o
    0x08005520   0x08005520   0x00000024   Code   RO         1523    i.SDRAM_delay       bsp_sdram.o
    0x08005544   0x08005544   0x00000018   Code   RO         6025    i.SPI_Cmd           stm32f4xx_spi.o
    0x0800555c   0x0800555c   0x00000050   Code   RO         1046    i.SPI_FLASH_BufferRead  bsp_spi_flash.o
    0x080055ac   0x080055ac   0x000000dc   Code   RO         1049    i.SPI_FLASH_Init    bsp_spi_flash.o
    0x08005688   0x08005688   0x00000078   Code   RO         1055    i.SPI_FLASH_SendByte  bsp_spi_flash.o
    0x08005700   0x08005700   0x00000012   Code   RO         6033    i.SPI_I2S_GetFlagStatus  stm32f4xx_spi.o
    0x08005712   0x08005712   0x00000006   Code   RO         6036    i.SPI_I2S_ReceiveData  stm32f4xx_spi.o
    0x08005718   0x08005718   0x00000004   Code   RO         6037    i.SPI_I2S_SendData  stm32f4xx_spi.o
    0x0800571c   0x0800571c   0x0000003c   Code   RO         6038    i.SPI_Init          stm32f4xx_spi.o
    0x08005758   0x08005758   0x00000040   Code   RO         1062    i.SPI_TIMEOUT_UserCallback  bsp_spi_flash.o
    0x08005798   0x08005798   0x00000002   Code   RO          255    i.SVC_Handler       stm32f4xx_it.o
    0x0800579a   0x0800579a   0x00000002   PAD
    0x0800579c   0x0800579c   0x00000040   Code   RO         6190    i.SYSCFG_EXTILineConfig  stm32f4xx_syscfg.o
    0x080057dc   0x080057dc   0x0000004c   Code   RO         1992    i.Send_ADXL345_data  i2cadax.o
    0x08005828   0x08005828   0x00000120   Code   RO            4    i.SetSysClock       system_stm32f4xx.o
    0x08005948   0x08005948   0x0000016c   Code   RO         1993    i.Single_Read       i2cadax.o
    0x08005ab4   0x08005ab4   0x000000f8   Code   RO         1994    i.Single_Write      i2cadax.o
    0x08005bac   0x08005bac   0x00000002   Code   RO          256    i.SysTick_Handler   stm32f4xx_it.o
    0x08005bae   0x08005bae   0x00000002   PAD
    0x08005bb0   0x08005bb0   0x00000068   Code   RO            6    i.SystemInit        system_stm32f4xx.o
    0x08005c18   0x08005c18   0x0000003a   Code   RO         6247    i.TI1_Config        stm32f4xx_tim.o
    0x08005c52   0x08005c52   0x00000050   Code   RO         6248    i.TI2_Config        stm32f4xx_tim.o
    0x08005ca2   0x08005ca2   0x00000048   Code   RO         6249    i.TI3_Config        stm32f4xx_tim.o
    0x08005cea   0x08005cea   0x00000050   Code   RO         6250    i.TI4_Config        stm32f4xx_tim.o
    0x08005d3a   0x08005d3a   0x00000002   PAD
    0x08005d3c   0x08005d3c   0x0000004c   Code   RO          257    i.TIM3_IRQHandler   stm32f4xx_it.o
    0x08005d88   0x08005d88   0x0000001c   Code   RO          258    i.TIM5_IRQHandler   stm32f4xx_it.o
    0x08005da4   0x08005da4   0x00000020   Code   RO          259    i.TIM6_DAC_IRQHandler  stm32f4xx_it.o
    0x08005dc4   0x08005dc4   0x00000018   Code   RO         6251    i.TIM_ARRPreloadConfig  stm32f4xx_tim.o
    0x08005ddc   0x08005ddc   0x00000040   Code   RO         1269    i.TIM_BASIC_Config  tim_conf.o
    0x08005e1c   0x08005e1c   0x0000002a   Code   RO         1218    i.TIM_BASIC_NVIC_Configuration  nvic_conf.o
    0x08005e46   0x08005e46   0x00000006   Code   RO         6257    i.TIM_ClearFlag     stm32f4xx_tim.o
    0x08005e4c   0x08005e4c   0x00000006   Code   RO         6258    i.TIM_ClearITPendingBit  stm32f4xx_tim.o
    0x08005e52   0x08005e52   0x00000018   Code   RO         6263    i.TIM_Cmd           stm32f4xx_tim.o
    0x08005e6a   0x08005e6a   0x00000002   PAD
    0x08005e6c   0x08005e6c   0x00000088   Code   RO         1270    i.TIM_Config        tim_conf.o
    0x08005ef4   0x08005ef4   0x00000190   Code   RO         6268    i.TIM_DeInit        stm32f4xx_tim.o
    0x08006084   0x08006084   0x00000042   Code   RO         6272    i.TIM_EncoderInterfaceConfig  stm32f4xx_tim.o
    0x080060c6   0x080060c6   0x00000022   Code   RO         6284    i.TIM_GetITStatus   stm32f4xx_tim.o
    0x080060e8   0x080060e8   0x0000006e   Code   RO         6286    i.TIM_ICInit        stm32f4xx_tim.o
    0x08006156   0x08006156   0x00000012   Code   RO         6287    i.TIM_ICStructInit  stm32f4xx_tim.o
    0x08006168   0x08006168   0x00000012   Code   RO         6288    i.TIM_ITConfig      stm32f4xx_tim.o
    0x0800617a   0x0800617a   0x0000002a   Code   RO         1219    i.TIM_NVIC_Config   nvic_conf.o
    0x080061a4   0x080061a4   0x0000007c   Code   RO         6292    i.TIM_OC1Init       stm32f4xx_tim.o
    0x08006220   0x08006220   0x00000012   Code   RO         6295    i.TIM_OC1PreloadConfig  stm32f4xx_tim.o
    0x08006232   0x08006232   0x00000002   PAD
    0x08006234   0x08006234   0x000000a4   Code   RO         6297    i.TIM_OC2Init       stm32f4xx_tim.o
    0x080062d8   0x080062d8   0x000000a0   Code   RO         6302    i.TIM_OC3Init       stm32f4xx_tim.o
    0x08006378   0x08006378   0x00000098   Code   RO         1271    i.TIM_PWMINPUT_Config  tim_conf.o
    0x08006410   0x08006410   0x00000004   Code   RO         6329    i.TIM_SetCounter    stm32f4xx_tim.o
    0x08006414   0x08006414   0x00000012   Code   RO         6330    i.TIM_SetIC1Prescaler  stm32f4xx_tim.o
    0x08006426   0x08006426   0x0000001a   Code   RO         6331    i.TIM_SetIC2Prescaler  stm32f4xx_tim.o
    0x08006440   0x08006440   0x00000012   Code   RO         6332    i.TIM_SetIC3Prescaler  stm32f4xx_tim.o
    0x08006452   0x08006452   0x0000001a   Code   RO         6333    i.TIM_SetIC4Prescaler  stm32f4xx_tim.o
    0x0800646c   0x0800646c   0x00000084   Code   RO         6335    i.TIM_TimeBaseInit  stm32f4xx_tim.o
    0x080064f0   0x080064f0   0x00000012   Code   RO         6336    i.TIM_TimeBaseStructInit  stm32f4xx_tim.o
    0x08006502   0x08006502   0x0000002a   Code   RO         1220    i.TIMx_NVIC_Configuration  nvic_conf.o
    0x0800652c   0x0800652c   0x000000c0   Code   RO         1422    i.Touch_Button_Down  palette.o
    0x080065ec   0x080065ec   0x00000098   Code   RO         1423    i.Touch_Button_Up   palette.o
    0x08006684   0x08006684   0x00000024   Code   RO          260    i.USART3_IRQHandler  stm32f4xx_it.o
    0x080066a8   0x080066a8   0x0000001e   Code   RO         6814    i.USART_ClearITPendingBit  stm32f4xx_usart.o
    0x080066c6   0x080066c6   0x00000018   Code   RO         6817    i.USART_Cmd         stm32f4xx_usart.o
    0x080066de   0x080066de   0x0000001a   Code   RO         6820    i.USART_GetFlagStatus  stm32f4xx_usart.o
    0x080066f8   0x080066f8   0x00000054   Code   RO         6821    i.USART_GetITStatus  stm32f4xx_usart.o
    0x0800674c   0x0800674c   0x0000004a   Code   RO         6823    i.USART_ITConfig    stm32f4xx_usart.o
    0x08006796   0x08006796   0x00000002   PAD
    0x08006798   0x08006798   0x000000d4   Code   RO         6824    i.USART_Init        stm32f4xx_usart.o
    0x0800686c   0x0800686c   0x0000000a   Code   RO         6831    i.USART_ReceiveData  stm32f4xx_usart.o
    0x08006876   0x08006876   0x00000008   Code   RO         6834    i.USART_SendData    stm32f4xx_usart.o
    0x0800687e   0x0800687e   0x00000004   Code   RO          261    i.UsageFault_Handler  stm32f4xx_it.o
    0x08006882   0x08006882   0x0000001e   Code   RO         1666    i.Usart_SendByte    gps.o
    0x080068a0   0x080068a0   0x0000002a   Code   RO         1667    i.Usart_SendString  gps.o
    0x080068ca   0x080068ca   0x00000002   PAD
    0x080068cc   0x080068cc   0x0000000c   Code   RO         7005    i.WWDG_ClearFlag    stm32f4xx_wwdg.o
    0x080068d8   0x080068d8   0x0000000e   Code   RO         1996    i.WWDG_IRQHandler   i2cadax.o
    0x080068e6   0x080068e6   0x00000002   PAD
    0x080068e8   0x080068e8   0x00000010   Code   RO         7010    i.WWDG_SetCounter   stm32f4xx_wwdg.o
    0x080068f8   0x080068f8   0x00000020   Code   RO         7314    i.__0printf         mc_w.l(printfa.o)
    0x08006918   0x08006918   0x00000028   Code   RO         7316    i.__0sprintf        mc_w.l(printfa.o)
    0x08006940   0x08006940   0x0000000e   Code   RO         7397    i.__scatterload_copy  mc_w.l(handlers.o)
    0x0800694e   0x0800694e   0x00000002   Code   RO         7398    i.__scatterload_null  mc_w.l(handlers.o)
    0x08006950   0x08006950   0x0000000e   Code   RO         7399    i.__scatterload_zeroinit  mc_w.l(handlers.o)
    0x0800695e   0x0800695e   0x00000002   PAD
    0x08006960   0x08006960   0x00000184   Code   RO         7321    i._fp_digits        mc_w.l(printfa.o)
    0x08006ae4   0x08006ae4   0x000006dc   Code   RO         7322    i._printf_core      mc_w.l(printfa.o)
    0x080071c0   0x080071c0   0x00000024   Code   RO         7323    i._printf_post_padding  mc_w.l(printfa.o)
    0x080071e4   0x080071e4   0x0000002e   Code   RO         7324    i._printf_pre_padding  mc_w.l(printfa.o)
    0x08007212   0x08007212   0x0000000a   Code   RO         7326    i._sputc            mc_w.l(printfa.o)
    0x0800721c   0x0800721c   0x00000038   Code   RO         1668    i.calculating_Tail  gps.o
    0x08007254   0x08007254   0x0000000c   Code   RO          365    i.clear_output_GPS_string  global.o
    0x08007260   0x08007260   0x0000000c   Code   RO          366    i.clear_output_string  global.o
    0x0800726c   0x0800726c   0x0000000c   Code   RO         1307    i.decrease_pwm_1000  pwm_control.o
    0x08007278   0x08007278   0x00000018   Code   RO         1308    i.decrease_speed_100  pwm_control.o
    0x08007290   0x08007290   0x00000024   Code   RO          434    i.fputc             bsp_debug_usart.o
    0x080072b4   0x080072b4   0x00000034   Code   RO          480    i.i2c_Ack           bsp_i2c_touch.o
    0x080072e8   0x080072e8   0x0000000e   Code   RO          481    i.i2c_Delay         bsp_i2c_touch.o
    0x080072f6   0x080072f6   0x00000002   PAD
    0x080072f8   0x080072f8   0x0000002c   Code   RO          482    i.i2c_NAck          bsp_i2c_touch.o
    0x08007324   0x08007324   0x00000044   Code   RO          483    i.i2c_ReadByte      bsp_i2c_touch.o
    0x08007368   0x08007368   0x0000005c   Code   RO          484    i.i2c_SendByte      bsp_i2c_touch.o
    0x080073c4   0x080073c4   0x00000034   Code   RO          485    i.i2c_Start         bsp_i2c_touch.o
    0x080073f8   0x080073f8   0x00000024   Code   RO          486    i.i2c_Stop          bsp_i2c_touch.o
    0x0800741c   0x0800741c   0x00000040   Code   RO          487    i.i2c_WaitAck       bsp_i2c_touch.o
    0x0800745c   0x0800745c   0x00000010   Code   RO         1310    i.increase_pwm_1000  pwm_control.o
    0x0800746c   0x0800746c   0x00000024   Code   RO         1311    i.increase_speed_100  pwm_control.o
    0x08007490   0x08007490   0x00000010   Code   RO         1669    i.is_Auto           gps.o
    0x080074a0   0x080074a0   0x00000010   Code   RO         1670    i.is_N              gps.o
    0x080074b0   0x080074b0   0x00000010   Code   RO         1671    i.is_W              gps.o
    0x080074c0   0x080074c0   0x00000032   Code   RO         1806    i.isequal           string.o
    0x080074f2   0x080074f2   0x0000007c   Code   RO          164    i.main              main.o
    0x0800756e   0x0800756e   0x00000020   Code   RO         1807    i.my_strcat         string.o
    0x0800758e   0x0800758e   0x00000002   PAD
    0x08007590   0x08007590   0x000000e4   Code   RO         1808    i.myatof            string.o
    0x08007674   0x08007674   0x00000052   Code   RO         1809    i.myatoi            string.o
    0x080076c6   0x080076c6   0x00000058   Code   RO         1810    i.myitoa            string.o
    0x0800771e   0x0800771e   0x0000006a   Code   RO         1811    i.myitohex_twob     string.o
    0x08007788   0x08007788   0x0000008c   Code   RO         1997    i.read_ADXL345      i2cadax.o
    0x08007814   0x08007814   0x00000020   Code   RO         1672    i.wait01s           gps.o
    0x08007834   0x08007834   0x0000010c   Data   RO          623    .constdata          gt9xx.o
    0x08007940   0x08007940   0x000029d0   Data   RO         1013    .constdata          fonts.o
    0x0800a310   0x0800a310   0x00000040   Data   RO         7380    .constdata          mc_w.l(ctype_c.o)
    0x0800a350   0x0800a350   0x000000a1   Data   RO          624    .conststring        gt9xx.o
    0x0800a3f1   0x0800a3f1   0x00000003   PAD
    0x0800a3f4   0x0800a3f4   0x00000020   Data   RO         7395    Region$$Table       anon$$obj.o


    Execution Region ER_RW (Exec base: 0x20000000, Load base: 0x0800a414, Size: 0x00000368, Max: 0xffffffff, ABSOLUTE, COMPRESSED[0x00000168])

    Exec Addr    Load Addr    Size         Type   Attr      Idx    E Section Name        Object

    0x20000000   COMPRESSED   0x0000003a   Data   RW          368    .data               global.o
    0x2000003a   COMPRESSED   0x000002b7   Data   RW          625    .data               gt9xx.o
    0x200002f1   COMPRESSED   0x00000003   PAD
    0x200002f4   COMPRESSED   0x00000010   Data   RW          774    .data               bsp_lcd.o
    0x20000304   COMPRESSED   0x00000021   Data   RW         1014    .data               fonts.o
    0x20000325   COMPRESSED   0x00000003   PAD
    0x20000328   COMPRESSED   0x00000004   Data   RW         1063    .data               bsp_spi_flash.o
    0x2000032c   COMPRESSED   0x0000000c   Data   RW         1425    .data               palette.o
    0x20000338   COMPRESSED   0x0000001c   Data   RW         1998    .data               i2cadax.o
    0x20000354   COMPRESSED   0x00000010   Data   RW         4923    .data               stm32f4xx_rcc.o
    0x20000364   COMPRESSED   0x00000004   Data   RW         7370    .data               mc_w.l(stdout.o)


    Execution Region ER_ZI (Exec base: 0x20000368, Load base: 0x0800a57c, Size: 0x00000b48, Max: 0xffffffff, ABSOLUTE)

    Exec Addr    Load Addr    Size         Type   Attr      Idx    E Section Name        Object

    0x20000368        -       0x00000428   Zero   RW          367    .bss                global.o
    0x20000790        -       0x00000320   Zero   RW         1424    .bss                palette.o
    0x20000ab0        -       0x00000400   Zero   RW          154    STACK               startup_stm32f429_439xx.o


==============================================================================

Image component sizes


      Code (inc. data)   RO Data    RW Data    ZI Data      Debug   Object Name

       188         14          0          0          0       1245   bsp_debug_usart.o
      1054         56          0          0          0      10324   bsp_i2c_touch.o
      2326        162          0         16          0      11408   bsp_lcd.o
      1272         28          0          0          0       2969   bsp_sdram.o
       484         74          0          4          0       2985   bsp_spi_flash.o
       164         10          0          0          0        664   dgps_usart_conf.o
        32          4          0          0          0        497   display_status.o
        84          6      10704         33          0       2158   fonts.o
       216         44          0         58       1064       4648   global.o
       256         10          0          0          0        646   gpio_conf.o
      2224        196          0          0          0      14917   gps.o
      2188        608        429        695          0      12970   gt9xx.o
      1144        128          0         28          0       5812   i2cadax.o
       124          0          0          0          0       8022   main.o
       140         24          0          0          0       1651   misc.o
       206          0          0          0          0       2692   nvic_conf.o
       344         20          0         12        800       3162   palette.o
      1746        248          0          0          0       3839   palette_gps_debug.o
      1792        204          0          0          0       3998   palette_gps_receive.o
       762        116          0          0          0       3363   palette_i2c_debug.o
       686         88          0          0          0       3409   palette_main_debug.o
      1772        224          0          0          0       3835   palette_pwm_debug.o
        88          8          0          0          0       2382   pwm_control.o
        36          8        428          0       1024        916   startup_stm32f429_439xx.o
       294         20          0          0          0       3000   stm32f4xx_dma2d.o
       184         16          0          0          0       2244   stm32f4xx_exti.o
       452         20          0          0          0       3667   stm32f4xx_fmc.o
       240          0          0          0          0       3731   stm32f4xx_gpio.o
       398         14          0          0          0       6280   stm32f4xx_i2c.o
       224         28          0          0          0       6839   stm32f4xx_it.o
       778         32          0          0          0       4971   stm32f4xx_ltdc.o
       580         82          0         16          0       9793   stm32f4xx_rcc.o
       112          0          0          0          0       3702   stm32f4xx_spi.o
        64          4          0          0          0        680   stm32f4xx_syscfg.o
      1704        112          0          0          0      17566   stm32f4xx_tim.o
       468          8          0          0          0       6431   stm32f4xx_usart.o
        28         10          0          0          0       1067   stm32f4xx_wwdg.o
       586          8          0          0          0       4121   string.o
       392         32          0          0          0     341149   system_stm32f4xx.o
       352         14          0          0          0       1806   tim_conf.o

    ----------------------------------------------------------------------
     26236       2680      11596        868       2888     525559   Object Totals
         0          0         32          0          0          0   (incl. Generated)
        52          0          3          6          0          0   (incl. Padding)

    ----------------------------------------------------------------------

      Code (inc. data)   RO Data    RW Data    ZI Data      Debug   Library Member Name

        86          0          0          0          0          0   __dczerorl2.o
        40          6         64          0          0         68   ctype_c.o
         0          0          0          0          0          0   entry.o
         0          0          0          0          0          0   entry10a.o
         0          0          0          0          0          0   entry11a.o
         8          4          0          0          0          0   entry2.o
         4          0          0          0          0          0   entry5.o
         0          0          0          0          0          0   entry7b.o
         0          0          0          0          0          0   entry8b.o
         8          4          0          0          0          0   entry9a.o
        30          0          0          0          0          0   handlers.o
        36          8          0          0          0         68   init.o
         8          0          0          0          0         68   isdigit_c.o
         0          0          0          0          0          0   iusefp.o
        30          0          0          0          0         68   llshl.o
        36          0          0          0          0         68   llsshr.o
        32          0          0          0          0         68   llushr.o
        36          0          0          0          0         68   memcpya.o
        36          0          0          0          0        108   memseta.o
      2308         96          0          0          0        604   printfa.o
         0          0          0          4          0          0   stdout.o
        44          0          0          0          0         80   uidiv.o
        98          0          0          0          0         92   uldiv.o
        48          0          0          0          0         68   cdrcmple.o
       334          0          0          0          0        148   dadd.o
       222          0          0          0          0        100   ddiv.o
       186          0          0          0          0        176   depilogue.o
        62          0          0          0          0         80   dfixi.o
        50          0          0          0          0         76   dfixui.o
        48          0          0          0          0         68   dfixul.o
        34          0          0          0          0         76   dflti.o
        26          0          0          0          0         76   dfltui.o
        24          0          0          0          0         76   dfltul.o
       228          0          0          0          0         96   dmul.o

    ----------------------------------------------------------------------
      4108        118         64          4          0       2400   Library Totals
         6          0          0          0          0          0   (incl. Padding)

    ----------------------------------------------------------------------

      Code (inc. data)   RO Data    RW Data    ZI Data      Debug   Library Name

      2840        118         64          4          0       1360   mc_w.l
      1262          0          0          0          0       1040   mf_w.l

    ----------------------------------------------------------------------
      4108        118         64          4          0       2400   Library Totals

    ----------------------------------------------------------------------

==============================================================================


      Code (inc. data)   RO Data    RW Data    ZI Data      Debug   

     30344       2798      11660        872       2888     502443   Grand Totals
     30344       2798      11660        360       2888     502443   ELF Image Totals (compressed)
     30344       2798      11660        360          0          0   ROM Totals

==============================================================================

    Total RO  Size (Code + RO Data)                42004 (  41.02kB)
    Total RW  Size (RW Data + ZI Data)              3760 (   3.67kB)
    Total ROM Size (Code + RO Data + RW Data)      42364 (  41.37kB)

==============================================================================

